{"guest_profile_recs": [{"object_type": "pax_profile", "model_version": "1.0", "last_updated": "2022-03-20T11:58:02.529353371Z", "created_on": "2021-12-20T11:58:02.529353371Z", "last_updated_by": "Vincent Mueller", "created_by": "Tyrel Torp", "honorific": "Cllr", "first_name": "Abel", "middle_name": "Hoyt", "last_name": "Wilkinson", "gender": "other", "pronoun": "they", "date_of_birth": "1922-05-17", "job_title": "Coordinator", "company": "Food+Tech Connect", "nationality_code": "CR", "nationality_name": "", "language_code": "ae", "language_name": "", "email_business": "", "email": "", "email_type": "", "phone": "", "phone_home": "", "phone_mobile": "", "phone_business": "", "address_line1": "", "address_line2": "", "address_line3": "", "address_line4": "", "address_city": "", "address_state_province": "", "address_postal_code": "", "address_country": "", "address_billing_line1": "", "address_billing_line2": "", "address_billing_line3": "", "address_billing_line4": "", "address_billing_city": "", "address_billing_state_province": "", "address_billing_postal_code": "", "address_billing_country": "", "address_business_line1": "", "address_business_line2": "", "address_business_line3": "", "address_business_line4": "", "address_business_city": "", "address_business_state_province": "", "address_business_postal_code": "", "address_business_country": "", "address_mailing_line1": "", "address_mailing_line2": "", "address_mailing_line3": "", "address_mailing_line4": "", "address_mailing_city": "", "address_mailing_state_province": "", "address_mailing_postal_code": "", "address_mailing_country": "", "address_type": "shipping", "traveller_id": "6494295187", "last_updated_partition": "2022/03/20/11/58/02/529353371Z"}], "common_email_recs": [], "common_phone_recs": [], "hotel_loyalty_recs": [{"object_type": "air_loyalty", "model_version": "1.0", "last_updated": "2022-03-20T11:58:02.529353371Z", "last_updated_by": "Vincent Mueller", "id": "7690224677", "program_name": "elite", "points": 209188.0, "units": "miles", "points_to_next_level": 585.0, "level": "platinium", "joined": "2021-12-20T11:58:02.529353371Z", "traveller_id": "6494295187", "last_updated_partition": "2022/03/20/11/58/02/529353371Z"}]}