{
    "arrival_timestamp": 0,
    "checkin_date": "",
    "checkout_date": "",
    "custom_event_name": "",
    "destination": "",
    "aws_account_id": "",
    "event_timestamp": "2021-10-03T02:54:43.360928927Z",
    "event_type": "SelectNRooms",
    "event_version": "",
    "fare_class": "Y",
    "fare_type": "O",
    "flight_market": "DOM,DOM",
    "flight_numbers": [
        "AA8506",
        "AA7631",
        "AA4528",
        "AA8476"
    ],
    "flight_segments_departure_date_time": [
        "2023-01-15T15:04:36",
        "2023-01-15T22:04:36",
        "2023-01-16T01:04:36",
        "2023-01-16T12:04:36"
    ],
    "flight_type": "one-way",
    "hotel_code": "",
    "hotel_code_list": "",
    "model_version": "1.0",
    "num_guests": "",
    "num_nights": "",
    "num_pax_adults": 6.0,
    "num_pax_children": 1.0,
    "num_pax_inf": 1.0,
    "origin_date": "DOM,DOM",
    "origin_date_time": "DOM,DOM",
    "pax_type": "child",
    "product_quantities": [
        2.0,
        5.0,
        1.0,
        2.0,
        2.0,
        1.0,
        3.0,
        1.0,
        2.0,
        2.0
    ],
    "products": [
        800.0,
        907.0,
        783.0,
        472.0,
        183.0,
        914.0,
        802.0,
        733.0,
        307.0,
        328.0
    ],
    "products_prices": [
        "SEAT",
        "SEAT",
        "LUGG",
        "FARE",
        "FARE",
        "LUGG",
        "FARE",
        "LUGG",
        "FARE",
        "LUGG"
    ],
    "rate_plan": "",
    "return_date": "DOM,DOM",
    "return_date_time": "DOM,DOM",
    "return_flight_route": "DOM,DOM",
    "room_type": "",
    "session_id": "f925dc73-63a5-4d35-92ce-0559844b65db",
    "total_passengers": 5.0,
    "user_agent": "Mozilla/5.0 (Macintosh; Intel Mac OS X 10_15_7) AppleWebKit/537.36 (KHTML, like Gecko) Chrome/107.0.0.0 Safari/537.36"
}