{"model_version": "1.0", "object_type": "clickstream_event", "event_type": "SearchExperience", "event_timestamp": "2021-03-29T22:22:19.451829566Z", "arrival_timestamp": 0, "event_version": "", "user_agent": "Mozilla/5.0 (Macintosh; Intel Mac OS X 10_15_7) AppleWebKit/537.36 (KHTML, like Gecko) Chrome/107.0.0.0 Safari/537.36", "session_id": "b21683f9-6345-40da-a4ea-9aac75f4149e", "traveller_id": "b21683f9-6345-40da-a4ea-9aac75f4149e", "destination": "Bakersfield, Texas, Fiji", "checkin_date": "2021-04-28", "products": "DBL-BAR|BKFST|KING_SUPER_SAVER|SUITE-BAR|SUITE-BAR|BKFST|KING_SUPER_SAVER|CHMPGN|CHMPGN|KING_SUPER_SAVER", "num_nights": 6.0, "room_type": "SUITE", "rate_plan": "BAR", "checkout_date": "2021-05-04", "hotel_code": "SPO05", "hotel_code_list": "TOK04|PAR18|SPO01|ROM09|TOK19|TOK05|LIM15|PAR01|LIM17|TOK14", "aws_account_id": "", "last_updated": "2021-03-29T22:22:19.451829566Z", "last_updated_partition": "2021/03/29/22/22/19/451829566Z"}