{"model_version": "1.0", "object_type": "clickstream_event", "event_type": "SelectOrigin", "event_timestamp": "2023-04-04T21:37:19.970150076Z", "arrival_timestamp": 0, "event_version": "", "user_agent": "Mozilla/5.0 (Macintosh; Intel Mac OS X 10_15_7) AppleWebKit/537.36 (KHTML, like Gecko) Chrome/107.0.0.0 Safari/537.36", "session_id": "852a397e-ad1e-42e5-9ccd-35fd4a8c7cb1", "traveller_id": "852a397e-ad1e-42e5-9ccd-35fd4a8c7cb1", "destination": "Mesa, Utah, Wallis and Futuna", "checkin_date": "2023-08-08", "products": "KING_SUPER_SAVER|DBL-BAR|CHMPGN|KING_SUPER_SAVER|KING_SUPER_SAVER|DBL-BAR", "num_nights": 6.0, "room_type": "KING", "rate_plan": "NON_REFUNDABLE", "checkout_date": "2023-08-14", "hotel_code": "PAR17", "hotel_code_list": "LON19|PAR17|NYC01|ROM09|ATL05|ATL01", "aws_account_id": "", "last_updated": "2023-04-04T21:37:19.970150076Z", "last_updated_partition": "2023/04/04/21/37/19/970150076Z"}