{"model_version": "1.0", "object_type": "clickstream_event", "event_type": "SearchExperience", "event_timestamp": "2022-01-15T06:22:28.899545599Z", "arrival_timestamp": 0, "event_version": "", "user_agent": "Mozilla/5.0 (Macintosh; Intel Mac OS X 10_15_7) AppleWebKit/537.36 (KHTML, like Gecko) Chrome/107.0.0.0 Safari/537.36", "session_id": "361fa48f-1085-4116-bc81-413b34747f58", "traveller_id": "361fa48f-1085-4116-bc81-413b34747f58", "destination": "Denver, Tennessee, French Polynesia", "checkin_date": "2024-02-15", "products": "DBL-BAR|CHMPGN|BKFST|KING_SUPER_SAVER|SUITE-BAR|CHMPGN|KING_SUPER_SAVER|SUITE-BAR|SUITE-BAR|SUITE-BAR", "num_nights": 2.0, "room_type": "DBL", "rate_plan": "BAR", "checkout_date": "2024-02-17", "hotel_code": "PAR03", "hotel_code_list": "ROM01|LIM16|TOK00|LIM13|NYC03|LON07|ROM11|NYC00|LIM00|LIM07", "aws_account_id": "", "last_updated": "2022-01-15T06:22:28.899545599Z", "last_updated_partition": "2022/01/15/06/22/28/899545599Z"}