{
    "common_email_recs": [
        {
            "address": "bayleeratke@brakus.net",
            "last_updated": "2022-11-09T09:15:01.445661551Z",
            "last_updated_by": "Mac Boehm",
            "model_version": "1.0",
            "object_type": "email_history",
            "traveller_id": "0072828729",
            "type": "business"
        },
        {
            "address": "bayleeratke@brakus.net",
            "last_updated": "2022-11-09T09:15:01.445661551Z",
            "last_updated_by": "Mac Boehm",
            "model_version": "1.0",
            "object_type": "email_history",
            "traveller_id": "0072828729",
            "type": "business"
        },
        {
            "address": "fernelang@rempel.biz",
            "last_updated": "2022-11-09T09:15:01.445661551Z",
            "last_updated_by": "Mac Boehm",
            "model_version": "1.0",
            "object_type": "email_history",
            "traveller_id": "6541596609",
            "type": "business"
        },
        {
            "address": "shaniyalabadie@gaylord.org",
            "last_updated": "2022-11-09T09:15:01.445661551Z",
            "last_updated_by": "Mac Boehm",
            "model_version": "1.0",
            "object_type": "email_history",
            "traveller_id": "6541596609",
            "type": "personal"
        },
        {
            "address": "ameliecremin@mclaughlin.name",
            "last_updated": "2022-11-09T09:15:01.445661551Z",
            "last_updated_by": "Mac Boehm",
            "model_version": "1.0",
            "object_type": "email_history",
            "traveller_id": "6541596609",
            "type": ""
        },
        {
            "address": "fernelang@rempel.biz",
            "last_updated": "2022-11-09T09:15:01.445661551Z",
            "last_updated_by": "Mac Boehm",
            "model_version": "1.0",
            "object_type": "email_history",
            "traveller_id": "6541596609",
            "type": "business"
        },
        {
            "address": "shaniyalabadie@gaylord.org",
            "last_updated": "2022-11-09T09:15:01.445661551Z",
            "last_updated_by": "Mac Boehm",
            "model_version": "1.0",
            "object_type": "email_history",
            "traveller_id": "6541596609",
            "type": "personal"
        },
        {
            "address": "ameliecremin@mclaughlin.name",
            "last_updated": "2022-11-09T09:15:01.445661551Z",
            "last_updated_by": "Mac Boehm",
            "model_version": "1.0",
            "object_type": "email_history",
            "traveller_id": "6541596609",
            "type": ""
        }
    ],
    "common_phone_recs": [
        {
            "country_code": 71,
            "last_updated": "2022-11-09T09:15:01.445661551Z",
            "last_updated_by": "Mac Boehm",
            "model_version": "1.0",
            "number": "(838)346-5920",
            "object_type": "phone_history",
            "traveller_id": "0072828729",
            "type": ""
        },
        {
            "country_code": 45,
            "last_updated": "2022-11-09T09:15:01.445661551Z",
            "last_updated_by": "Mac Boehm",
            "model_version": "1.0",
            "number": "4770912343",
            "object_type": "phone_history",
            "traveller_id": "0072828729",
            "type": "mobile"
        },
        {
            "country_code": 71,
            "last_updated": "2022-11-09T09:15:01.445661551Z",
            "last_updated_by": "Mac Boehm",
            "model_version": "1.0",
            "number": "(838)346-5920",
            "object_type": "phone_history",
            "traveller_id": "0072828729",
            "type": ""
        },
        {
            "country_code": 45,
            "last_updated": "2022-11-09T09:15:01.445661551Z",
            "last_updated_by": "Mac Boehm",
            "model_version": "1.0",
            "number": "4770912343",
            "object_type": "phone_history",
            "traveller_id": "0072828729",
            "type": "mobile"
        },
        {
            "country_code": 96,
            "last_updated": "2022-11-09T09:15:01.445661551Z",
            "last_updated_by": "Mac Boehm",
            "model_version": "1.0",
            "number": "(025)029-7679",
            "object_type": "phone_history",
            "traveller_id": "0768445617",
            "type": "business"
        },
        {
            "country_code": 68,
            "last_updated": "2022-11-09T09:15:01.445661551Z",
            "last_updated_by": "Mac Boehm",
            "model_version": "1.0",
            "number": "1-330-615-7690",
            "object_type": "phone_history",
            "traveller_id": "0768445617",
            "type": ""
        },
        {
            "country_code": 21,
            "last_updated": "2022-11-09T09:15:01.445661551Z",
            "last_updated_by": "Mac Boehm",
            "model_version": "1.0",
            "number": "1-928-487-2432",
            "object_type": "phone_history",
            "traveller_id": "0768445617",
            "type": "home"
        },
        {
            "country_code": 96,
            "last_updated": "2022-11-09T09:15:01.445661551Z",
            "last_updated_by": "Mac Boehm",
            "model_version": "1.0",
            "number": "(025)029-7679",
            "object_type": "phone_history",
            "traveller_id": "0768445617",
            "type": "business"
        },
        {
            "country_code": 68,
            "last_updated": "2022-11-09T09:15:01.445661551Z",
            "last_updated_by": "Mac Boehm",
            "model_version": "1.0",
            "number": "1-330-615-7690",
            "object_type": "phone_history",
            "traveller_id": "0768445617",
            "type": ""
        },
        {
            "country_code": 21,
            "last_updated": "2022-11-09T09:15:01.445661551Z",
            "last_updated_by": "Mac Boehm",
            "model_version": "1.0",
            "number": "1-928-487-2432",
            "object_type": "phone_history",
            "traveller_id": "0768445617",
            "type": "home"
        }
    ],
    "guest_loyalty_recs": [
        {
            "id": "3478014738",
            "joined": "2021-10-27T06:01:03.972207049Z",
            "last_updated": "2022-11-09T09:15:01.445661551Z",
            "last_updated_by": "Mac Boehm",
            "level": "silver",
            "model_version": "1.0",
            "object_type": "hotel_loyalty",
            "points": 651524.0,
            "points_to_next_level": 7269.0,
            "program_name": "club",
            "traveller_id": "0072828729",
            "units": "miles"
        },
        {
            "id": "3478014738",
            "joined": "2021-10-27T06:01:03.972207049Z",
            "last_updated": "2022-11-09T09:15:01.445661551Z",
            "last_updated_by": "Mac Boehm",
            "level": "silver",
            "model_version": "1.0",
            "object_type": "hotel_loyalty",
            "points": 651524.0,
            "points_to_next_level": 7269.0,
            "program_name": "club",
            "traveller_id": "0072828729",
            "units": "miles"
        },
        {
            "id": "8181046275",
            "joined": "2022-05-10T12:15:10.307784774Z",
            "last_updated": "2022-11-09T09:15:01.445661551Z",
            "last_updated_by": "Mac Boehm",
            "level": "platinium",
            "model_version": "1.0",
            "object_type": "hotel_loyalty",
            "points": 891693.0,
            "points_to_next_level": 9354.0,
            "program_name": "club",
            "traveller_id": "0768445617",
            "units": "points"
        },
        {
            "id": "8181046275",
            "joined": "2022-05-10T12:15:10.307784774Z",
            "last_updated": "2022-11-09T09:15:01.445661551Z",
            "last_updated_by": "Mac Boehm",
            "level": "platinium",
            "model_version": "1.0",
            "object_type": "hotel_loyalty",
            "points": 891693.0,
            "points_to_next_level": 9354.0,
            "program_name": "club",
            "traveller_id": "0768445617",
            "units": "points"
        }
    ],
    "hotel_booking_recs": [
        {
            "address__country": "GU",
            "address__state_province": "SC",
            "address_billing__country": "",
            "address_billing__state_province": "",
            "address_billing_city": "",
            "address_billing_line1": "",
            "address_billing_line2": "",
            "address_billing_line3": "",
            "address_billing_line4": "",
            "address_billing_postal_codes": "",
            "address_city": "Pittsburgh",
            "address_line1": "2293 Lake Oval mouth",
            "address_line2": "more content line 2",
            "address_line3": "more content line 3",
            "address_line4": "more content line 4",
            "address_postal_codes": "13565",
            "address_type": "",
            "booking_id": "3BZIX5SH9I",
            "cc_cvv": "",
            "cc_exp": "",
            "cc_name": "",
            "cc_token": "",
            "cc_type": "",
            "check_in_date": "2022-09-27",
            "company": "Archimedes Inc.",
            "date_of_birth": "1922-12-12",
            "email_business": "bayleeratke@brakus.net",
            "email_type": "business",
            "first_name": "Ruthe",
            "gender": "other",
            "honorific": "Mr",
            "hotel_code": "ATL02",
            "job_title": "Coordinator",
            "last_name": "Zboncak",
            "last_updated": "2022-11-09T09:15:01.445661551Z",
            "last_updated_by": "Mac Boehm",
            "middle_name": "Jamarcus",
            "model_version": "1.0",
            "n_guests": 2,
            "n_nights": 6,
            "object_type": "hotel_booking",
            "payment_type": "loyalty_redemption",
            "phone_business": "4770912343",
            "phone_type": "mobile",
            "product_id": "3HVTAA2J6R",
            "pronoun": ""
        },
        {
            "address__country": "GU",
            "address__state_province": "SC",
            "address_billing__country": "",
            "address_billing__state_province": "",
            "address_billing_city": "",
            "address_billing_line1": "",
            "address_billing_line2": "",
            "address_billing_line3": "",
            "address_billing_line4": "",
            "address_billing_postal_codes": "",
            "address_city": "Pittsburgh",
            "address_line1": "2293 Lake Oval mouth",
            "address_line2": "more content line 2",
            "address_line3": "more content line 3",
            "address_line4": "more content line 4",
            "address_postal_codes": "13565",
            "address_type": "",
            "booking_id": "3BZIX5SH9I",
            "cc_cvv": "",
            "cc_exp": "",
            "cc_name": "",
            "cc_token": "",
            "cc_type": "",
            "check_in_date": "2022-09-27",
            "company": "Archimedes Inc.",
            "date_of_birth": "1922-12-12",
            "email_business": "bayleeratke@brakus.net",
            "email_type": "business",
            "first_name": "Ruthe",
            "gender": "other",
            "honorific": "Mr",
            "hotel_code": "ATL02",
            "job_title": "Coordinator",
            "last_name": "Zboncak",
            "last_updated": "2022-11-09T09:15:01.445661551Z",
            "last_updated_by": "Mac Boehm",
            "middle_name": "Jamarcus",
            "model_version": "1.0",
            "n_guests": 2,
            "n_nights": 6,
            "object_type": "hotel_booking",
            "payment_type": "loyalty_redemption",
            "phone_business": "4770912343",
            "phone_type": "mobile",
            "product_id": "LZOCVZ7LP6",
            "pronoun": ""
        },
        {
            "address_billing__country": "",
            "address_billing__state_province": "",
            "address_billing_city": "",
            "address_billing_line1": "",
            "address_billing_line2": "",
            "address_billing_line3": "",
            "address_billing_line4": "",
            "address_billing_postal_codes": "",
            "address_business__country": "RO",
            "address_business__state_province": "ME",
            "address_business_city": "Boston",
            "address_business_line1": "2797 Roads ville",
            "address_business_line2": "more content line 2",
            "address_business_line3": "more content line 3",
            "address_business_line4": "more content line 4",
            "address_business_postal_codes": "78847",
            "address_type": "business",
            "booking_id": "3BZIX5SH9I",
            "cc_cvv": "",
            "cc_exp": "",
            "cc_name": "",
            "cc_token": "",
            "cc_type": "",
            "check_in_date": "2022-09-27",
            "company": "Lenddo",
            "date_of_birth": "1943-06-11",
            "email": "",
            "email_business": "",
            "first_name": "Estella",
            "gender": "other",
            "honorific": "Mr",
            "hotel_code": "ATL02",
            "job_title": "Architect",
            "last_name": "Wolf",
            "last_updated": "2022-11-09T09:15:01.445661551Z",
            "last_updated_by": "Mac Boehm",
            "middle_name": "Betty",
            "model_version": "1.0",
            "n_guests": 2,
            "n_nights": 6,
            "object_type": "hotel_booking",
            "payment_type": "loyalty_redemption",
            "phone_business": "(025)029-7679",
            "phone_type": "business",
            "product_id": "3HVTAA2J6R",
            "pronoun": "they"
        },
        {
            "address_billing__country": "",
            "address_billing__state_province": "",
            "address_billing_city": "",
            "address_billing_line1": "",
            "address_billing_line2": "",
            "address_billing_line3": "",
            "address_billing_line4": "",
            "address_billing_postal_codes": "",
            "address_business__country": "RO",
            "address_business__state_province": "ME",
            "address_business_city": "Boston",
            "address_business_line1": "2797 Roads ville",
            "address_business_line2": "more content line 2",
            "address_business_line3": "more content line 3",
            "address_business_line4": "more content line 4",
            "address_business_postal_codes": "78847",
            "address_type": "business",
            "booking_id": "3BZIX5SH9I",
            "cc_cvv": "",
            "cc_exp": "",
            "cc_name": "",
            "cc_token": "",
            "cc_type": "",
            "check_in_date": "2022-09-27",
            "company": "Lenddo",
            "date_of_birth": "1943-06-11",
            "email": "",
            "email_business": "",
            "first_name": "Estella",
            "gender": "other",
            "honorific": "Mr",
            "hotel_code": "ATL02",
            "job_title": "Architect",
            "last_name": "Wolf",
            "last_updated": "2022-11-09T09:15:01.445661551Z",
            "last_updated_by": "Mac Boehm",
            "middle_name": "Betty",
            "model_version": "1.0",
            "n_guests": 2,
            "n_nights": 6,
            "object_type": "hotel_booking",
            "payment_type": "loyalty_redemption",
            "phone_business": "(025)029-7679",
            "phone_type": "business",
            "product_id": "LZOCVZ7LP6",
            "pronoun": "they"
        },
        {
            "address_billing__country": "",
            "address_billing__state_province": "",
            "address_billing_city": "",
            "address_billing_line1": "",
            "address_billing_line2": "",
            "address_billing_line3": "",
            "address_billing_line4": "",
            "address_billing_postal_codes": "",
            "address_mailing__country": "GN",
            "address_mailing__state_province": "NJ",
            "address_mailing_city": "Nashville-Davidson",
            "address_mailing_line1": "3272 Curve town",
            "address_mailing_line2": "more content line 2",
            "address_mailing_line3": "more content line 3",
            "address_mailing_line4": "more content line 4",
            "address_mailing_postal_codes": "83370",
            "address_type": "mailing",
            "booking_id": "3BZIX5SH9I",
            "cc_cvv": "",
            "cc_exp": "",
            "cc_name": "",
            "cc_token": "",
            "cc_type": "",
            "check_in_date": "2022-09-27",
            "company": "Rivet Software",
            "date_of_birth": "1976-01-18",
            "email": "shaniyalabadie@gaylord.org",
            "email_type": "personal",
            "first_name": "Kayden",
            "gender": "other",
            "honorific": "Mx",
            "hotel_code": "ATL02",
            "job_title": "Manager",
            "last_name": "Ondricka",
            "last_updated": "2022-11-09T09:15:01.445661551Z",
            "last_updated_by": "Mac Boehm",
            "middle_name": "Janice",
            "model_version": "1.0",
            "n_guests": 2,
            "n_nights": 6,
            "object_type": "hotel_booking",
            "payment_type": "loyalty_redemption",
            "phone": "",
            "phone_business": "",
            "phone_home": "",
            "phone_mobile": "",
            "product_id": "3HVTAA2J6R",
            "pronoun": "they"
        },
        {
            "address_billing__country": "",
            "address_billing__state_province": "",
            "address_billing_city": "",
            "address_billing_line1": "",
            "address_billing_line2": "",
            "address_billing_line3": "",
            "address_billing_line4": "",
            "address_billing_postal_codes": "",
            "address_mailing__country": "GN",
            "address_mailing__state_province": "NJ",
            "address_mailing_city": "Nashville-Davidson",
            "address_mailing_line1": "3272 Curve town",
            "address_mailing_line2": "more content line 2",
            "address_mailing_line3": "more content line 3",
            "address_mailing_line4": "more content line 4",
            "address_mailing_postal_codes": "83370",
            "address_type": "mailing",
            "booking_id": "3BZIX5SH9I",
            "cc_cvv": "",
            "cc_exp": "",
            "cc_name": "",
            "cc_token": "",
            "cc_type": "",
            "check_in_date": "2022-09-27",
            "company": "Rivet Software",
            "date_of_birth": "1976-01-18",
            "email": "shaniyalabadie@gaylord.org",
            "email_type": "personal",
            "first_name": "Kayden",
            "gender": "other",
            "honorific": "Mx",
            "hotel_code": "ATL02",
            "job_title": "Manager",
            "last_name": "Ondricka",
            "last_updated": "2022-11-09T09:15:01.445661551Z",
            "last_updated_by": "Mac Boehm",
            "middle_name": "Janice",
            "model_version": "1.0",
            "n_guests": 2,
            "n_nights": 6,
            "object_type": "hotel_booking",
            "payment_type": "loyalty_redemption",
            "phone": "",
            "phone_business": "",
            "phone_home": "",
            "phone_mobile": "",
            "product_id": "LZOCVZ7LP6",
            "pronoun": "they"
        }
    ]
}