{"hotel_booking_recs": [{"model_version": "1.0", "object_type": "hotel_booking", "last_updated": "2023-05-08T23:28:35.094413428Z", "last_updated_by": "Theo Ernser", "booking_id": "MH0GJF0VSS", "hotel_code": "PAR13", "n_nights": 231, "n_guests": 1, "product_id": "3TDM9558XG", "check_in_date": "2023-03-17", "honorific": "", "first_name": "Jeramie", "middle_name": "Trisha", "last_name": "Rosenbaum", "gender": "female", "pronoun": "", "date_of_birth": "1962-05-10", "job_title": "Agent", "company": "OptumInsight", "nationality_code": "", "nationality_name": "", "language_code": "", "language_name": "", "pms_id": "", "crs_id": "", "gds_id": "", "room_type_code": "", "room_type_name": "", "room_type_description": "", "attribute_codes": "", "attribute_names": "", "attribute_descriptions": "", "payment_type": "voucher", "cc_token": "", "cc_type": "", "cc_exp": "", "cc_cvv": "", "cc_name": "", "address_billing_line1": "", "address_billing_line2": "", "address_billing_line3": "", "address_billing_line4": "", "address_billing_postal_code": "", "address_billing_city": "", "address_billing_state_province": "", "address_billing_country": "", "email_business": "alessandralubowitz@romaguera.net", "email": "", "email_type": "business", "phone": "883.888.5506", "phone_home": "", "phone_mobile": "", "phone_business": "", "phone_type": "", "address_line1": "", "address_line2": "", "address_line3": "", "address_line4": "", "address_city": "", "address_state_province": "", "address_postal_code": "", "address_country": "", "address_business_line1": "875 Views bury", "address_business_line2": "more content line 2", "address_business_line3": "more content line 3", "address_business_line4": "more content line 4", "address_business_city": "Milwaukee", "address_business_state_province": "PA", "address_business_postal_code": "41270", "address_business_country": "ME", "address_mailing_line1": "", "address_mailing_line2": "", "address_mailing_line3": "", "address_mailing_line4": "", "address_mailing_city": "", "address_mailing_state_province": "", "address_mailing_postal_code": "", "address_mailing_country": "", "address_type": "business", "traveller_id": "3654098955", "last_updated_partition": "2023/05/08/23/28/35/094413428Z"}, {"model_version": "1.0", "object_type": "hotel_booking", "last_updated": "2023-05-08T23:28:35.094413428Z", "last_updated_by": "Theo Ernser", "booking_id": "MH0GJF0VSS", "hotel_code": "PAR13", "n_nights": 231, "n_guests": 1, "product_id": "R5302HGGZC", "check_in_date": "2023-03-17", "honorific": "", "first_name": "Jeramie", "middle_name": "Trisha", "last_name": "Rosenbaum", "gender": "female", "pronoun": "", "date_of_birth": "1962-05-10", "job_title": "Agent", "company": "OptumInsight", "nationality_code": "", "nationality_name": "", "language_code": "", "language_name": "", "pms_id": "", "crs_id": "", "gds_id": "", "room_type_code": "", "room_type_name": "", "room_type_description": "", "attribute_codes": "", "attribute_names": "", "attribute_descriptions": "", "payment_type": "voucher", "cc_token": "", "cc_type": "", "cc_exp": "", "cc_cvv": "", "cc_name": "", "address_billing_line1": "", "address_billing_line2": "", "address_billing_line3": "", "address_billing_line4": "", "address_billing_postal_code": "", "address_billing_city": "", "address_billing_state_province": "", "address_billing_country": "", "email_business": "alessandralubowitz@romaguera.net", "email": "", "email_type": "business", "phone": "883.888.5506", "phone_home": "", "phone_mobile": "", "phone_business": "", "phone_type": "", "address_line1": "", "address_line2": "", "address_line3": "", "address_line4": "", "address_city": "", "address_state_province": "", "address_postal_code": "", "address_country": "", "address_business_line1": "875 Views bury", "address_business_line2": "more content line 2", "address_business_line3": "more content line 3", "address_business_line4": "more content line 4", "address_business_city": "Milwaukee", "address_business_state_province": "PA", "address_business_postal_code": "41270", "address_business_country": "ME", "address_mailing_line1": "", "address_mailing_line2": "", "address_mailing_line3": "", "address_mailing_line4": "", "address_mailing_city": "", "address_mailing_state_province": "", "address_mailing_postal_code": "", "address_mailing_country": "", "address_type": "business", "traveller_id": "3654098955", "last_updated_partition": "2023/05/08/23/28/35/094413428Z"}, {"model_version": "1.0", "object_type": "hotel_booking", "last_updated": "2023-05-08T23:28:35.094413428Z", "last_updated_by": "Theo Ernser", "booking_id": "MH0GJF0VSS", "hotel_code": "PAR13", "n_nights": 231, "n_guests": 1, "product_id": "3TDM9558XG", "check_in_date": "2023-03-17", "honorific": "Lord", "first_name": "Gustave", "middle_name": "Kendra", "last_name": "Runolfsson", "gender": "other", "pronoun": "", "date_of_birth": "1994-04-09", "job_title": "Administrator", "company": "Quertle", "nationality_code": "", "nationality_name": "", "language_code": "", "language_name": "", "pms_id": "", "crs_id": "", "gds_id": "", "room_type_code": "", "room_type_name": "", "room_type_description": "", "attribute_codes": "", "attribute_names": "", "attribute_descriptions": "", "payment_type": "voucher", "cc_token": "", "cc_type": "", "cc_exp": "", "cc_cvv": "", "cc_name": "", "address_billing_line1": "", "address_billing_line2": "", "address_billing_line3": "", "address_billing_line4": "", "address_billing_postal_code": "", "address_billing_city": "", "address_billing_state_province": "", "address_billing_country": "", "email_business": "", "email": "", "email_type": "", "phone": "", "phone_home": "", "phone_mobile": "", "phone_business": "838.307.9024", "phone_type": "mobile", "address_line1": "", "address_line2": "", "address_line3": "", "address_line4": "", "address_city": "", "address_state_province": "", "address_postal_code": "", "address_country": "", "address_business_line1": "", "address_business_line2": "", "address_business_line3": "", "address_business_line4": "", "address_business_city": "", "address_business_state_province": "", "address_business_postal_code": "", "address_business_country": "", "address_mailing_line1": "1082 North Run ton", "address_mailing_line2": "more content line 2", "address_mailing_line3": "more content line 3", "address_mailing_line4": "more content line 4", "address_mailing_city": "Anaheim", "address_mailing_state_province": "NM", "address_mailing_postal_code": "69919", "address_mailing_country": "MU", "address_type": "mailing", "traveller_id": "9523832341", "last_updated_partition": "2023/05/08/23/28/35/094413428Z"}, {"model_version": "1.0", "object_type": "hotel_booking", "last_updated": "2023-05-08T23:28:35.094413428Z", "last_updated_by": "Theo Ernser", "booking_id": "MH0GJF0VSS", "hotel_code": "PAR13", "n_nights": 231, "n_guests": 1, "product_id": "R5302HGGZC", "check_in_date": "2023-03-17", "honorific": "Lord", "first_name": "Gustave", "middle_name": "Kendra", "last_name": "Runolfsson", "gender": "other", "pronoun": "", "date_of_birth": "1994-04-09", "job_title": "Administrator", "company": "Quertle", "nationality_code": "", "nationality_name": "", "language_code": "", "language_name": "", "pms_id": "", "crs_id": "", "gds_id": "", "room_type_code": "", "room_type_name": "", "room_type_description": "", "attribute_codes": "", "attribute_names": "", "attribute_descriptions": "", "payment_type": "voucher", "cc_token": "", "cc_type": "", "cc_exp": "", "cc_cvv": "", "cc_name": "", "address_billing_line1": "", "address_billing_line2": "", "address_billing_line3": "", "address_billing_line4": "", "address_billing_postal_code": "", "address_billing_city": "", "address_billing_state_province": "", "address_billing_country": "", "email_business": "", "email": "", "email_type": "", "phone": "", "phone_home": "", "phone_mobile": "", "phone_business": "838.307.9024", "phone_type": "mobile", "address_line1": "", "address_line2": "", "address_line3": "", "address_line4": "", "address_city": "", "address_state_province": "", "address_postal_code": "", "address_country": "", "address_business_line1": "", "address_business_line2": "", "address_business_line3": "", "address_business_line4": "", "address_business_city": "", "address_business_state_province": "", "address_business_postal_code": "", "address_business_country": "", "address_mailing_line1": "1082 North Run ton", "address_mailing_line2": "more content line 2", "address_mailing_line3": "more content line 3", "address_mailing_line4": "more content line 4", "address_mailing_city": "Anaheim", "address_mailing_state_province": "NM", "address_mailing_postal_code": "69919", "address_mailing_country": "MU", "address_type": "mailing", "traveller_id": "9523832341", "last_updated_partition": "2023/05/08/23/28/35/094413428Z"}], "common_email_recs": [{"model_version": "1.0", "object_type": "email_history", "last_updated": "2023-05-08T23:28:35.094413428Z", "last_updated_by": "Theo Ernser", "address": "bradfordconnelly@turner.org", "type": "business", "traveller_id": "3654098955", "last_updated_partition": "2023/05/08/23/28/35/094413428Z"}, {"model_version": "1.0", "object_type": "email_history", "last_updated": "2023-05-08T23:28:35.094413428Z", "last_updated_by": "Theo Ernser", "address": "alessandralubowitz@romaguera.net", "type": "business", "traveller_id": "3654098955", "last_updated_partition": "2023/05/08/23/28/35/094413428Z"}, {"model_version": "1.0", "object_type": "email_history", "last_updated": "2023-05-08T23:28:35.094413428Z", "last_updated_by": "Theo Ernser", "address": "bradfordconnelly@turner.org", "type": "business", "traveller_id": "3654098955", "last_updated_partition": "2023/05/08/23/28/35/094413428Z"}, {"model_version": "1.0", "object_type": "email_history", "last_updated": "2023-05-08T23:28:35.094413428Z", "last_updated_by": "Theo Ernser", "address": "alessandralubowitz@romaguera.net", "type": "business", "traveller_id": "3654098955", "last_updated_partition": "2023/05/08/23/28/35/094413428Z"}], "common_phone_recs": [{"model_version": "1.0", "object_type": "phone_history", "last_updated": "2023-05-08T23:28:35.094413428Z", "last_updated_by": "Theo Ernser", "number": "883.888.5506", "country_code": 25, "type": "", "traveller_id": "3654098955", "last_updated_partition": "2023/05/08/23/28/35/094413428Z"}, {"model_version": "1.0", "object_type": "phone_history", "last_updated": "2023-05-08T23:28:35.094413428Z", "last_updated_by": "Theo Ernser", "number": "8683779010", "country_code": 25, "type": "", "traveller_id": "3654098955", "last_updated_partition": "2023/05/08/23/28/35/094413428Z"}, {"model_version": "1.0", "object_type": "phone_history", "last_updated": "2023-05-08T23:28:35.094413428Z", "last_updated_by": "Theo Ernser", "number": "883.888.5506", "country_code": 25, "type": "", "traveller_id": "3654098955", "last_updated_partition": "2023/05/08/23/28/35/094413428Z"}, {"model_version": "1.0", "object_type": "phone_history", "last_updated": "2023-05-08T23:28:35.094413428Z", "last_updated_by": "Theo Ernser", "number": "8683779010", "country_code": 25, "type": "", "traveller_id": "3654098955", "last_updated_partition": "2023/05/08/23/28/35/094413428Z"}, {"model_version": "1.0", "object_type": "phone_history", "last_updated": "2023-05-08T23:28:35.094413428Z", "last_updated_by": "Theo Ernser", "number": "838.307.9024", "country_code": 19, "type": "mobile", "traveller_id": "9523832341", "last_updated_partition": "2023/05/08/23/28/35/094413428Z"}, {"model_version": "1.0", "object_type": "phone_history", "last_updated": "2023-05-08T23:28:35.094413428Z", "last_updated_by": "Theo Ernser", "number": "4991695016", "country_code": 15, "type": "business", "traveller_id": "9523832341", "last_updated_partition": "2023/05/08/23/28/35/094413428Z"}, {"model_version": "1.0", "object_type": "phone_history", "last_updated": "2023-05-08T23:28:35.094413428Z", "last_updated_by": "Theo Ernser", "number": "838.307.9024", "country_code": 19, "type": "mobile", "traveller_id": "9523832341", "last_updated_partition": "2023/05/08/23/28/35/094413428Z"}, {"model_version": "1.0", "object_type": "phone_history", "last_updated": "2023-05-08T23:28:35.094413428Z", "last_updated_by": "Theo Ernser", "number": "4991695016", "country_code": 15, "type": "business", "traveller_id": "9523832341", "last_updated_partition": "2023/05/08/23/28/35/094413428Z"}], "guest_loyalty_recs": [{"object_type": "hotel_loyalty", "model_version": "1.0", "last_updated": "2023-05-08T23:28:35.094413428Z", "last_updated_by": "Theo Ernser", "id": "3710188198", "program_name": "reward", "points": 286979.0, "units": "points", "points_to_next_level": 1428.0, "level": "silver", "joined": "2022-09-27T01:08:09.544587523Z", "traveller_id": "3654098955", "last_updated_partition": "2023/05/08/23/28/35/094413428Z"}, {"object_type": "hotel_loyalty", "model_version": "1.0", "last_updated": "2023-05-08T23:28:35.094413428Z", "last_updated_by": "Theo Ernser", "id": "3710188198", "program_name": "reward", "points": 286979.0, "units": "points", "points_to_next_level": 1428.0, "level": "silver", "joined": "2022-09-27T01:08:09.544587523Z", "traveller_id": "3654098955", "last_updated_partition": "2023/05/08/23/28/35/094413428Z"}, {"object_type": "hotel_loyalty", "model_version": "1.0", "last_updated": "2023-05-08T23:28:35.094413428Z", "last_updated_by": "Theo Ernser", "id": "1075095187", "program_name": "ascend", "points": 144704.0, "units": "points", "points_to_next_level": 7160.0, "level": "gold", "joined": "2022-11-15T12:14:52.01423407Z", "traveller_id": "9523832341", "last_updated_partition": "2023/05/08/23/28/35/094413428Z"}, {"object_type": "hotel_loyalty", "model_version": "1.0", "last_updated": "2023-05-08T23:28:35.094413428Z", "last_updated_by": "Theo Ernser", "id": "1075095187", "program_name": "ascend", "points": 144704.0, "units": "points", "points_to_next_level": 7160.0, "level": "gold", "joined": "2022-11-15T12:14:52.01423407Z", "traveller_id": "9523832341", "last_updated_partition": "2023/05/08/23/28/35/094413428Z"}]}