{"air_booking_recs": [{"model_version": "1.0", "object_type": "air_booking", "last_updated": "2022-06-22T23:12:30.3742435Z", "last_updated_by": "Toni Tremblay", "booking_id": "TDRJ2F", "segment_id": "TDRJ2F-JFK-HKG", "from": "JFK", "to": "HKG", "flight_number": "AA8944", "departure_date": "2023-04-02", "departure_time": "01:31", "arrival_date": "2023-04-02", "arrival_time": "06:28", "channel": "ota-expedia", "status": "confirmed", "honorific": "Ms", "first_name": "Joey", "middle_name": "Candelario", "last_name": "Wisozk", "gender": "female", "pronoun": "", "date_of_birth": "1934-05-19", "job_title": "Agent", "company": "Adobe Digital Government", "price": 0.0, "nationality_code": "", "nationality_name": "", "language_code": "", "language_name": "", "pss_id": "", "gds_id": "", "payment_type": "cash", "cc_token": "", "cc_type": "", "cc_exp": "", "cc_cvv": "", "cc_name": "", "address_billing_line1": "", "address_billing_line2": "", "address_billing_line3": "", "address_billing_line4": "", "address_billing_postal_code": "", "address_billing_city": "", "address_billing_state_province": "", "address_billing_country": "", "email_business": "", "email": "melodyarmstrong@jenkins.net", "email_type": "", "phone": "", "phone_home": "", "phone_mobile": "", "phone_business": "", "traveller_id": "4527724622", "last_updated_partition": "2022/06/22/23/12/30/3742435Z", "address_line1": "87124 Rest berg", "address_line2": "more content line 2", "address_line3": "more content line 3", "address_line4": "more content line 4", "address_city": "Baton Rouge", "address_state_province": "", "address_postal_code": "62002", "address_country": "TO", "address_business_line1": "", "address_business_line2": "", "address_business_line3": "", "address_business_line4": "", "address_business_city": "", "address_business_state_province": "", "address_business_postal_code": "", "address_business_country": "", "address_mailing_line1": "", "address_mailing_line2": "", "address_mailing_line3": "", "address_mailing_line4": "", "address_mailing_city": "", "address_mailing_state_province": "", "address_mailing_postal_code": "", "address_mailing_country": "", "address_type": ""}, {"model_version": "1.0", "object_type": "air_booking", "last_updated": "2022-06-22T23:12:30.3742435Z", "last_updated_by": "Toni Tremblay", "booking_id": "TDRJ2F", "segment_id": "TDRJ2F-HKG-MAD", "from": "HKG", "to": "MAD", "flight_number": "AA4343", "departure_date": "2023-04-02", "departure_time": "04:37", "arrival_date": "2023-04-02", "arrival_time": "10:00", "channel": "ota-expedia", "status": "confirmed", "honorific": "Ms", "first_name": "Joey", "middle_name": "Candelario", "last_name": "Wisozk", "gender": "female", "pronoun": "", "date_of_birth": "1934-05-19", "job_title": "Agent", "company": "Adobe Digital Government", "price": 0.0, "nationality_code": "", "nationality_name": "", "language_code": "", "language_name": "", "pss_id": "", "gds_id": "", "payment_type": "cash", "cc_token": "", "cc_type": "", "cc_exp": "", "cc_cvv": "", "cc_name": "", "address_billing_line1": "", "address_billing_line2": "", "address_billing_line3": "", "address_billing_line4": "", "address_billing_postal_code": "", "address_billing_city": "", "address_billing_state_province": "", "address_billing_country": "", "email_business": "", "email": "melodyarmstrong@jenkins.net", "email_type": "", "phone": "", "phone_home": "", "phone_mobile": "", "phone_business": "", "traveller_id": "4527724622", "last_updated_partition": "2022/06/22/23/12/30/3742435Z", "address_line1": "87124 Rest berg", "address_line2": "more content line 2", "address_line3": "more content line 3", "address_line4": "more content line 4", "address_city": "Baton Rouge", "address_state_province": "", "address_postal_code": "62002", "address_country": "TO", "address_business_line1": "", "address_business_line2": "", "address_business_line3": "", "address_business_line4": "", "address_business_city": "", "address_business_state_province": "", "address_business_postal_code": "", "address_business_country": "", "address_mailing_line1": "", "address_mailing_line2": "", "address_mailing_line3": "", "address_mailing_line4": "", "address_mailing_city": "", "address_mailing_state_province": "", "address_mailing_postal_code": "", "address_mailing_country": "", "address_type": ""}, {"model_version": "1.0", "object_type": "air_booking", "last_updated": "2022-06-22T23:12:30.3742435Z", "last_updated_by": "Toni Tremblay", "booking_id": "TDRJ2F", "segment_id": "TDRJ2F-MAD-FRA", "from": "MAD", "to": "FRA", "flight_number": "AA0447", "departure_date": "2023-04-02", "departure_time": "06:06", "arrival_date": "2023-04-02", "arrival_time": "16:40", "channel": "ota-expedia", "status": "confirmed", "honorific": "Ms", "first_name": "Joey", "middle_name": "Candelario", "last_name": "Wisozk", "gender": "female", "pronoun": "", "date_of_birth": "1934-05-19", "job_title": "Agent", "company": "Adobe Digital Government", "price": 0.0, "nationality_code": "", "nationality_name": "", "language_code": "", "language_name": "", "pss_id": "", "gds_id": "", "payment_type": "cash", "cc_token": "", "cc_type": "", "cc_exp": "", "cc_cvv": "", "cc_name": "", "address_billing_line1": "", "address_billing_line2": "", "address_billing_line3": "", "address_billing_line4": "", "address_billing_postal_code": "", "address_billing_city": "", "address_billing_state_province": "", "address_billing_country": "", "email_business": "", "email": "melodyarmstrong@jenkins.net", "email_type": "", "phone": "", "phone_home": "", "phone_mobile": "", "phone_business": "", "traveller_id": "4527724622", "last_updated_partition": "2022/06/22/23/12/30/3742435Z", "address_line1": "87124 Rest berg", "address_line2": "more content line 2", "address_line3": "more content line 3", "address_line4": "more content line 4", "address_city": "Baton Rouge", "address_state_province": "", "address_postal_code": "62002", "address_country": "TO", "address_business_line1": "", "address_business_line2": "", "address_business_line3": "", "address_business_line4": "", "address_business_city": "", "address_business_state_province": "", "address_business_postal_code": "", "address_business_country": "", "address_mailing_line1": "", "address_mailing_line2": "", "address_mailing_line3": "", "address_mailing_line4": "", "address_mailing_city": "", "address_mailing_state_province": "", "address_mailing_postal_code": "", "address_mailing_country": "", "address_type": ""}, {"model_version": "1.0", "object_type": "air_booking", "last_updated": "2022-06-22T23:12:30.3742435Z", "last_updated_by": "Toni Tremblay", "booking_id": "TDRJ2F", "segment_id": "TDRJ2F-JFK-HKG", "from": "JFK", "to": "HKG", "flight_number": "AA8944", "departure_date": "2023-04-02", "departure_time": "01:31", "arrival_date": "2023-04-02", "arrival_time": "06:28", "channel": "ota-expedia", "status": "confirmed", "honorific": "Ms", "first_name": "Joey", "middle_name": "Candelario", "last_name": "Wisozk", "gender": "female", "pronoun": "", "date_of_birth": "1934-05-19", "job_title": "Agent", "company": "Adobe Digital Government", "price": 0.0, "nationality_code": "", "nationality_name": "", "language_code": "", "language_name": "", "pss_id": "", "gds_id": "", "payment_type": "cash", "cc_token": "", "cc_type": "", "cc_exp": "", "cc_cvv": "", "cc_name": "", "address_billing_line1": "", "address_billing_line2": "", "address_billing_line3": "", "address_billing_line4": "", "address_billing_postal_code": "", "address_billing_city": "", "address_billing_state_province": "", "address_billing_country": "", "email_business": "", "email": "melodyarmstrong@jenkins.net", "email_type": "", "phone": "", "phone_home": "", "phone_mobile": "", "phone_business": "", "traveller_id": "4527724622", "last_updated_partition": "2022/06/22/23/12/30/3742435Z", "address_line1": "87124 Rest berg", "address_line2": "more content line 2", "address_line3": "more content line 3", "address_line4": "more content line 4", "address_city": "Baton Rouge", "address_state_province": "", "address_postal_code": "62002", "address_country": "TO", "address_business_line1": "", "address_business_line2": "", "address_business_line3": "", "address_business_line4": "", "address_business_city": "", "address_business_state_province": "", "address_business_postal_code": "", "address_business_country": "", "address_mailing_line1": "", "address_mailing_line2": "", "address_mailing_line3": "", "address_mailing_line4": "", "address_mailing_city": "", "address_mailing_state_province": "", "address_mailing_postal_code": "", "address_mailing_country": "", "address_type": ""}, {"model_version": "1.0", "object_type": "air_booking", "last_updated": "2022-06-22T23:12:30.3742435Z", "last_updated_by": "Toni Tremblay", "booking_id": "TDRJ2F", "segment_id": "TDRJ2F-HKG-MAD", "from": "HKG", "to": "MAD", "flight_number": "AA4343", "departure_date": "2023-04-02", "departure_time": "04:37", "arrival_date": "2023-04-02", "arrival_time": "10:00", "channel": "ota-expedia", "status": "confirmed", "honorific": "Ms", "first_name": "Joey", "middle_name": "Candelario", "last_name": "Wisozk", "gender": "female", "pronoun": "", "date_of_birth": "1934-05-19", "job_title": "Agent", "company": "Adobe Digital Government", "price": 0.0, "nationality_code": "", "nationality_name": "", "language_code": "", "language_name": "", "pss_id": "", "gds_id": "", "payment_type": "cash", "cc_token": "", "cc_type": "", "cc_exp": "", "cc_cvv": "", "cc_name": "", "address_billing_line1": "", "address_billing_line2": "", "address_billing_line3": "", "address_billing_line4": "", "address_billing_postal_code": "", "address_billing_city": "", "address_billing_state_province": "", "address_billing_country": "", "email_business": "", "email": "melodyarmstrong@jenkins.net", "email_type": "", "phone": "", "phone_home": "", "phone_mobile": "", "phone_business": "", "traveller_id": "4527724622", "last_updated_partition": "2022/06/22/23/12/30/3742435Z", "address_line1": "87124 Rest berg", "address_line2": "more content line 2", "address_line3": "more content line 3", "address_line4": "more content line 4", "address_city": "Baton Rouge", "address_state_province": "", "address_postal_code": "62002", "address_country": "TO", "address_business_line1": "", "address_business_line2": "", "address_business_line3": "", "address_business_line4": "", "address_business_city": "", "address_business_state_province": "", "address_business_postal_code": "", "address_business_country": "", "address_mailing_line1": "", "address_mailing_line2": "", "address_mailing_line3": "", "address_mailing_line4": "", "address_mailing_city": "", "address_mailing_state_province": "", "address_mailing_postal_code": "", "address_mailing_country": "", "address_type": ""}, {"model_version": "1.0", "object_type": "air_booking", "last_updated": "2022-06-22T23:12:30.3742435Z", "last_updated_by": "Toni Tremblay", "booking_id": "TDRJ2F", "segment_id": "TDRJ2F-MAD-FRA", "from": "MAD", "to": "FRA", "flight_number": "AA0447", "departure_date": "2023-04-02", "departure_time": "06:06", "arrival_date": "2023-04-02", "arrival_time": "16:40", "channel": "ota-expedia", "status": "confirmed", "honorific": "Ms", "first_name": "Joey", "middle_name": "Candelario", "last_name": "Wisozk", "gender": "female", "pronoun": "", "date_of_birth": "1934-05-19", "job_title": "Agent", "company": "Adobe Digital Government", "price": 0.0, "nationality_code": "", "nationality_name": "", "language_code": "", "language_name": "", "pss_id": "", "gds_id": "", "payment_type": "cash", "cc_token": "", "cc_type": "", "cc_exp": "", "cc_cvv": "", "cc_name": "", "address_billing_line1": "", "address_billing_line2": "", "address_billing_line3": "", "address_billing_line4": "", "address_billing_postal_code": "", "address_billing_city": "", "address_billing_state_province": "", "address_billing_country": "", "email_business": "", "email": "melodyarmstrong@jenkins.net", "email_type": "", "phone": "", "phone_home": "", "phone_mobile": "", "phone_business": "", "traveller_id": "4527724622", "last_updated_partition": "2022/06/22/23/12/30/3742435Z", "address_line1": "87124 Rest berg", "address_line2": "more content line 2", "address_line3": "more content line 3", "address_line4": "more content line 4", "address_city": "Baton Rouge", "address_state_province": "", "address_postal_code": "62002", "address_country": "TO", "address_business_line1": "", "address_business_line2": "", "address_business_line3": "", "address_business_line4": "", "address_business_city": "", "address_business_state_province": "", "address_business_postal_code": "", "address_business_country": "", "address_mailing_line1": "", "address_mailing_line2": "", "address_mailing_line3": "", "address_mailing_line4": "", "address_mailing_city": "", "address_mailing_state_province": "", "address_mailing_postal_code": "", "address_mailing_country": "", "address_type": ""}, {"model_version": "1.0", "object_type": "air_booking", "last_updated": "2022-06-22T23:12:30.3742435Z", "last_updated_by": "Toni Tremblay", "booking_id": "TDRJ2F", "segment_id": "TDRJ2F-JFK-HKG", "from": "JFK", "to": "HKG", "flight_number": "AA8944", "departure_date": "2023-04-02", "departure_time": "01:31", "arrival_date": "2023-04-02", "arrival_time": "06:28", "channel": "ota-expedia", "status": "confirmed", "honorific": "Ms", "first_name": "Ludwig", "middle_name": "Cordelia", "last_name": "Blanda", "gender": "female", "pronoun": "she", "date_of_birth": "1979-01-02", "job_title": "Designer", "company": "Barchart", "price": 0.0, "nationality_code": "", "nationality_name": "", "language_code": "", "language_name": "", "pss_id": "", "gds_id": "", "payment_type": "cash", "cc_token": "", "cc_type": "", "cc_exp": "", "cc_cvv": "", "cc_name": "", "address_billing_line1": "", "address_billing_line2": "", "address_billing_line3": "", "address_billing_line4": "", "address_billing_postal_code": "", "address_billing_city": "", "address_billing_state_province": "", "address_billing_country": "", "email_business": "", "email": "", "email_type": "", "phone": "5327672053", "phone_home": "", "phone_mobile": "", "phone_business": "", "phone_type": "personal", "traveller_id": "8924443001", "last_updated_partition": "2022/06/22/23/12/30/3742435Z", "address_line1": "365 Lakes ton", "address_line2": "more content line 2", "address_line3": "more content line 3", "address_line4": "more content line 4", "address_city": "Birmingham", "address_state_province": "", "address_postal_code": "65579", "address_country": "SS", "address_business_line1": "", "address_business_line2": "", "address_business_line3": "", "address_business_line4": "", "address_business_city": "", "address_business_state_province": "", "address_business_postal_code": "", "address_business_country": "", "address_mailing_line1": "", "address_mailing_line2": "", "address_mailing_line3": "", "address_mailing_line4": "", "address_mailing_city": "", "address_mailing_state_province": "", "address_mailing_postal_code": "", "address_mailing_country": "", "address_type": ""}, {"model_version": "1.0", "object_type": "air_booking", "last_updated": "2022-06-22T23:12:30.3742435Z", "last_updated_by": "Toni Tremblay", "booking_id": "TDRJ2F", "segment_id": "TDRJ2F-HKG-MAD", "from": "HKG", "to": "MAD", "flight_number": "AA4343", "departure_date": "2023-04-02", "departure_time": "04:37", "arrival_date": "2023-04-02", "arrival_time": "10:00", "channel": "ota-expedia", "status": "confirmed", "honorific": "Ms", "first_name": "Ludwig", "middle_name": "Cordelia", "last_name": "Blanda", "gender": "female", "pronoun": "she", "date_of_birth": "1979-01-02", "job_title": "Designer", "company": "Barchart", "price": 0.0, "nationality_code": "", "nationality_name": "", "language_code": "", "language_name": "", "pss_id": "", "gds_id": "", "payment_type": "cash", "cc_token": "", "cc_type": "", "cc_exp": "", "cc_cvv": "", "cc_name": "", "address_billing_line1": "", "address_billing_line2": "", "address_billing_line3": "", "address_billing_line4": "", "address_billing_postal_code": "", "address_billing_city": "", "address_billing_state_province": "", "address_billing_country": "", "email_business": "", "email": "", "email_type": "", "phone": "5327672053", "phone_home": "", "phone_mobile": "", "phone_business": "", "phone_type": "personal", "traveller_id": "8924443001", "last_updated_partition": "2022/06/22/23/12/30/3742435Z", "address_line1": "365 Lakes ton", "address_line2": "more content line 2", "address_line3": "more content line 3", "address_line4": "more content line 4", "address_city": "Birmingham", "address_state_province": "", "address_postal_code": "65579", "address_country": "SS", "address_business_line1": "", "address_business_line2": "", "address_business_line3": "", "address_business_line4": "", "address_business_city": "", "address_business_state_province": "", "address_business_postal_code": "", "address_business_country": "", "address_mailing_line1": "", "address_mailing_line2": "", "address_mailing_line3": "", "address_mailing_line4": "", "address_mailing_city": "", "address_mailing_state_province": "", "address_mailing_postal_code": "", "address_mailing_country": "", "address_type": ""}, {"model_version": "1.0", "object_type": "air_booking", "last_updated": "2022-06-22T23:12:30.3742435Z", "last_updated_by": "Toni Tremblay", "booking_id": "TDRJ2F", "segment_id": "TDRJ2F-MAD-FRA", "from": "MAD", "to": "FRA", "flight_number": "AA0447", "departure_date": "2023-04-02", "departure_time": "06:06", "arrival_date": "2023-04-02", "arrival_time": "16:40", "channel": "ota-expedia", "status": "confirmed", "honorific": "Ms", "first_name": "Ludwig", "middle_name": "Cordelia", "last_name": "Blanda", "gender": "female", "pronoun": "she", "date_of_birth": "1979-01-02", "job_title": "Designer", "company": "Barchart", "price": 0.0, "nationality_code": "", "nationality_name": "", "language_code": "", "language_name": "", "pss_id": "", "gds_id": "", "payment_type": "cash", "cc_token": "", "cc_type": "", "cc_exp": "", "cc_cvv": "", "cc_name": "", "address_billing_line1": "", "address_billing_line2": "", "address_billing_line3": "", "address_billing_line4": "", "address_billing_postal_code": "", "address_billing_city": "", "address_billing_state_province": "", "address_billing_country": "", "email_business": "", "email": "", "email_type": "", "phone": "5327672053", "phone_home": "", "phone_mobile": "", "phone_business": "", "phone_type": "personal", "traveller_id": "8924443001", "last_updated_partition": "2022/06/22/23/12/30/3742435Z", "address_line1": "365 Lakes ton", "address_line2": "more content line 2", "address_line3": "more content line 3", "address_line4": "more content line 4", "address_city": "Birmingham", "address_state_province": "", "address_postal_code": "65579", "address_country": "SS", "address_business_line1": "", "address_business_line2": "", "address_business_line3": "", "address_business_line4": "", "address_business_city": "", "address_business_state_province": "", "address_business_postal_code": "", "address_business_country": "", "address_mailing_line1": "", "address_mailing_line2": "", "address_mailing_line3": "", "address_mailing_line4": "", "address_mailing_city": "", "address_mailing_state_province": "", "address_mailing_postal_code": "", "address_mailing_country": "", "address_type": ""}], "common_email_recs": [{"model_version": "1.0", "object_type": "email_history", "last_updated": "2022-06-22T23:12:30.3742435Z", "last_updated_by": "Toni Tremblay", "address": "melodyarmstrong@jenkins.net", "type": "", "traveller_id": "4527724622", "last_updated_partition": "2022/06/22/23/12/30/3742435Z"}, {"model_version": "1.0", "object_type": "email_history", "last_updated": "2022-06-22T23:12:30.3742435Z", "last_updated_by": "Toni Tremblay", "address": "melodyarmstrong@jenkins.net", "type": "", "traveller_id": "4527724622", "last_updated_partition": "2022/06/22/23/12/30/3742435Z"}], "common_phone_recs": [{"model_version": "1.0", "object_type": "phone_history", "last_updated": "2022-06-22T23:12:30.3742435Z", "last_updated_by": "Toni Tremblay", "number": "5327672053", "country_code": 32, "type": "personal", "traveller_id": "8924443001", "last_updated_partition": "2022/06/22/23/12/30/3742435Z"}, {"model_version": "1.0", "object_type": "phone_history", "last_updated": "2022-06-22T23:12:30.3742435Z", "last_updated_by": "Toni Tremblay", "number": "858.432.5280", "country_code": 10, "type": "mobile", "traveller_id": "8924443001", "last_updated_partition": "2022/06/22/23/12/30/3742435Z"}], "air_loyalty_recs": [{"model_version": "1.0", "object_type": "air_loyalty", "last_updated": "2022-06-22T23:12:30.3742435Z", "last_updated_by": "Toni Tremblay", "id": "0518206991", "program_name": "ascend", "miles": 42587.0, "miles_to_next_level": 1667.0, "level": "silver", "joined": "2021-12-05T02:54:30.557043995Z", "traveller_id": "8924443001", "last_updated_partition": "2022/06/22/23/12/30/3742435Z"}, {"model_version": "1.0", "object_type": "air_loyalty", "last_updated": "2022-06-22T23:12:30.3742435Z", "last_updated_by": "Toni Tremblay", "id": "2447481825", "program_name": "elite", "miles": 945120.0, "miles_to_next_level": 6002.0, "level": "platinium", "joined": "2021-12-05T02:54:30.557043995Z", "traveller_id": "8924443001", "last_updated_partition": "2022/06/22/23/12/30/3742435Z"}]}