{"hotel_stay_revenue_items": [{"model_version": "1.0", "object_type": "hotel_stay_revenue", "last_updated": "2021-06-17T18:41:49.847457649Z", "created_on": "2021-06-12T12:06:30.512656676Z", "last_updated_by": "Dimitri Hilll", "created_by": "Else Hackett", "id": "JST81MQXMA", "booking_id": "ZZWVZS66N7", "traveller_id": "2524458725", "currency_code": "MUR", "currency_name": "Mauritius Rupee", "currency_symbol": "", "first_name": "Sheldon", "last_name": "Satterfield", "email": "", "phone": "", "start_date": "2021-06-10", "hotel_code": "TOK01", "type": "Room Charge 2021-06-10", "description": "Suite with  ( Best avaialble rate)", "amount": 1078.0876, "date": "2021-06-10T00:00:00Z", "last_updated_partition": "2021/06/17/18/41/49/847457649Z"}, {"model_version": "1.0", "object_type": "hotel_stay_revenue", "last_updated": "2021-06-17T18:41:49.847457649Z", "created_on": "2021-06-12T12:06:30.512656676Z", "last_updated_by": "Dimitri Hilll", "created_by": "Else Hackett", "id": "JST81MQXMA", "booking_id": "ZZWVZS66N7", "traveller_id": "2524458725", "currency_code": "MUR", "currency_name": "Mauritius Rupee", "currency_symbol": "", "first_name": "Sheldon", "last_name": "Satterfield", "email": "", "phone": "", "start_date": "2021-06-10", "hotel_code": "TOK01", "type": "Room Charge 2021-06-10", "description": "Doubel room with Sea View,Balcony ( Super Saver rate)", "amount": 280.89645, "date": "2021-06-10T00:00:00Z", "last_updated_partition": "2021/06/17/18/41/49/847457649Z"}, {"model_version": "1.0", "object_type": "hotel_stay_revenue", "last_updated": "2021-06-17T18:41:49.847457649Z", "created_on": "2021-06-12T12:06:30.512656676Z", "last_updated_by": "Dimitri Hilll", "created_by": "Else Hackett", "id": "JST81MQXMA", "booking_id": "ZZWVZS66N7", "traveller_id": "2524458725", "currency_code": "MUR", "currency_name": "Mauritius Rupee", "currency_symbol": "", "first_name": "Sheldon", "last_name": "Satterfield", "email": "", "phone": "", "start_date": "2021-06-10", "hotel_code": "TOK01", "type": "Room Charge 2021-06-10", "description": "King Room with Balcony ( Xmas special rate)", "amount": 1008.4398, "date": "2021-06-10T00:00:00Z", "last_updated_partition": "2021/06/17/18/41/49/847457649Z"}, {"model_version": "1.0", "object_type": "hotel_stay_revenue", "last_updated": "2021-06-17T18:41:49.847457649Z", "created_on": "2021-06-12T12:06:30.512656676Z", "last_updated_by": "Dimitri Hilll", "created_by": "Else Hackett", "id": "JST81MQXMA", "booking_id": "ZZWVZS66N7", "traveller_id": "2524458725", "currency_code": "MUR", "currency_name": "Mauritius Rupee", "currency_symbol": "", "first_name": "Sheldon", "last_name": "Satterfield", "email": "", "phone": "", "start_date": "2021-06-10", "hotel_code": "TOK01", "type": "Room Charge 2021-06-10", "description": "Suite with Mini bar,Balcony ( Super Saver rate)", "amount": 792.0666, "date": "2021-06-10T00:00:00Z", "last_updated_partition": "2021/06/17/18/41/49/847457649Z"}, {"model_version": "1.0", "object_type": "hotel_stay_revenue", "last_updated": "2021-06-17T18:41:49.847457649Z", "created_on": "2021-06-12T12:06:30.512656676Z", "last_updated_by": "Dimitri Hilll", "created_by": "Else Hackett", "id": "JST81MQXMA", "booking_id": "ZZWVZS66N7", "traveller_id": "2524458725", "currency_code": "MUR", "currency_name": "Mauritius Rupee", "currency_symbol": "", "first_name": "Sheldon", "last_name": "Satterfield", "email": "", "phone": "", "start_date": "2021-06-10", "hotel_code": "TOK01", "type": "Room Charge 2021-06-11", "description": "Suite with  ( Best avaialble rate)", "amount": 1582.4575, "date": "2021-06-11T00:00:00Z", "last_updated_partition": "2021/06/17/18/41/49/847457649Z"}, {"model_version": "1.0", "object_type": "hotel_stay_revenue", "last_updated": "2021-06-17T18:41:49.847457649Z", "created_on": "2021-06-12T12:06:30.512656676Z", "last_updated_by": "Dimitri Hilll", "created_by": "Else Hackett", "id": "JST81MQXMA", "booking_id": "ZZWVZS66N7", "traveller_id": "2524458725", "currency_code": "MUR", "currency_name": "Mauritius Rupee", "currency_symbol": "", "first_name": "Sheldon", "last_name": "Satterfield", "email": "", "phone": "", "start_date": "2021-06-10", "hotel_code": "TOK01", "type": "Room Charge 2021-06-11", "description": "Doubel room with Sea View,Balcony ( Super Saver rate)", "amount": 452.77505, "date": "2021-06-11T00:00:00Z", "last_updated_partition": "2021/06/17/18/41/49/847457649Z"}, {"model_version": "1.0", "object_type": "hotel_stay_revenue", "last_updated": "2021-06-17T18:41:49.847457649Z", "created_on": "2021-06-12T12:06:30.512656676Z", "last_updated_by": "Dimitri Hilll", "created_by": "Else Hackett", "id": "JST81MQXMA", "booking_id": "ZZWVZS66N7", "traveller_id": "2524458725", "currency_code": "MUR", "currency_name": "Mauritius Rupee", "currency_symbol": "", "first_name": "Sheldon", "last_name": "Satterfield", "email": "", "phone": "", "start_date": "2021-06-10", "hotel_code": "TOK01", "type": "Room Charge 2021-06-11", "description": "King Room with Balcony ( Xmas special rate)", "amount": 921.70245, "date": "2021-06-11T00:00:00Z", "last_updated_partition": "2021/06/17/18/41/49/847457649Z"}, {"model_version": "1.0", "object_type": "hotel_stay_revenue", "last_updated": "2021-06-17T18:41:49.847457649Z", "created_on": "2021-06-12T12:06:30.512656676Z", "last_updated_by": "Dimitri Hilll", "created_by": "Else Hackett", "id": "JST81MQXMA", "booking_id": "ZZWVZS66N7", "traveller_id": "2524458725", "currency_code": "MUR", "currency_name": "Mauritius Rupee", "currency_symbol": "", "first_name": "Sheldon", "last_name": "Satterfield", "email": "", "phone": "", "start_date": "2021-06-10", "hotel_code": "TOK01", "type": "Room Charge 2021-06-11", "description": "Suite with Mini bar,Balcony ( Super Saver rate)", "amount": 440.57703, "date": "2021-06-11T00:00:00Z", "last_updated_partition": "2021/06/17/18/41/49/847457649Z"}, {"model_version": "1.0", "object_type": "hotel_stay_revenue", "last_updated": "2021-06-17T18:41:49.847457649Z", "created_on": "2021-06-12T12:06:30.512656676Z", "last_updated_by": "Dimitri Hilll", "created_by": "Else Hackett", "id": "JST81MQXMA", "booking_id": "ZZWVZS66N7", "traveller_id": "2524458725", "currency_code": "MUR", "currency_name": "Mauritius Rupee", "currency_symbol": "", "first_name": "Sheldon", "last_name": "Satterfield", "email": "", "phone": "", "start_date": "2021-06-10", "hotel_code": "TOK01", "type": "Room Charge 2021-06-12", "description": "Suite with  ( Best avaialble rate)", "amount": 757.30597, "date": "2021-06-12T00:00:00Z", "last_updated_partition": "2021/06/17/18/41/49/847457649Z"}, {"model_version": "1.0", "object_type": "hotel_stay_revenue", "last_updated": "2021-06-17T18:41:49.847457649Z", "created_on": "2021-06-12T12:06:30.512656676Z", "last_updated_by": "Dimitri Hilll", "created_by": "Else Hackett", "id": "JST81MQXMA", "booking_id": "ZZWVZS66N7", "traveller_id": "2524458725", "currency_code": "MUR", "currency_name": "Mauritius Rupee", "currency_symbol": "", "first_name": "Sheldon", "last_name": "Satterfield", "email": "", "phone": "", "start_date": "2021-06-10", "hotel_code": "TOK01", "type": "Room Charge 2021-06-12", "description": "Doubel room with Sea View,Balcony ( Super Saver rate)", "amount": 587.0733, "date": "2021-06-12T00:00:00Z", "last_updated_partition": "2021/06/17/18/41/49/847457649Z"}, {"model_version": "1.0", "object_type": "hotel_stay_revenue", "last_updated": "2021-06-17T18:41:49.847457649Z", "created_on": "2021-06-12T12:06:30.512656676Z", "last_updated_by": "Dimitri Hilll", "created_by": "Else Hackett", "id": "JST81MQXMA", "booking_id": "ZZWVZS66N7", "traveller_id": "2524458725", "currency_code": "MUR", "currency_name": "Mauritius Rupee", "currency_symbol": "", "first_name": "Sheldon", "last_name": "Satterfield", "email": "", "phone": "", "start_date": "2021-06-10", "hotel_code": "TOK01", "type": "Room Charge 2021-06-12", "description": "King Room with Balcony ( Xmas special rate)", "amount": 1143.4535, "date": "2021-06-12T00:00:00Z", "last_updated_partition": "2021/06/17/18/41/49/847457649Z"}, {"model_version": "1.0", "object_type": "hotel_stay_revenue", "last_updated": "2021-06-17T18:41:49.847457649Z", "created_on": "2021-06-12T12:06:30.512656676Z", "last_updated_by": "Dimitri Hilll", "created_by": "Else Hackett", "id": "JST81MQXMA", "booking_id": "ZZWVZS66N7", "traveller_id": "2524458725", "currency_code": "MUR", "currency_name": "Mauritius Rupee", "currency_symbol": "", "first_name": "Sheldon", "last_name": "Satterfield", "email": "", "phone": "", "start_date": "2021-06-10", "hotel_code": "TOK01", "type": "Room Charge 2021-06-12", "description": "Suite with Mini bar,Balcony ( Super Saver rate)", "amount": 676.8076, "date": "2021-06-12T00:00:00Z", "last_updated_partition": "2021/06/17/18/41/49/847457649Z"}, {"model_version": "1.0", "object_type": "hotel_stay_revenue", "last_updated": "2021-06-17T18:41:49.847457649Z", "created_on": "2021-06-12T12:06:30.512656676Z", "last_updated_by": "Dimitri Hilll", "created_by": "Else Hackett", "id": "JST81MQXMA", "booking_id": "ZZWVZS66N7", "traveller_id": "2524458725", "currency_code": "MUR", "currency_name": "Mauritius Rupee", "currency_symbol": "", "first_name": "Sheldon", "last_name": "Satterfield", "email": "", "phone": "", "start_date": "2021-06-10", "hotel_code": "TOK01", "type": "Room Charge 2021-06-13", "description": "Suite with  ( Best avaialble rate)", "amount": 1895.9591, "date": "2021-06-13T00:00:00Z", "last_updated_partition": "2021/06/17/18/41/49/847457649Z"}, {"model_version": "1.0", "object_type": "hotel_stay_revenue", "last_updated": "2021-06-17T18:41:49.847457649Z", "created_on": "2021-06-12T12:06:30.512656676Z", "last_updated_by": "Dimitri Hilll", "created_by": "Else Hackett", "id": "JST81MQXMA", "booking_id": "ZZWVZS66N7", "traveller_id": "2524458725", "currency_code": "MUR", "currency_name": "Mauritius Rupee", "currency_symbol": "", "first_name": "Sheldon", "last_name": "Satterfield", "email": "", "phone": "", "start_date": "2021-06-10", "hotel_code": "TOK01", "type": "Room Charge 2021-06-13", "description": "Doubel room with Sea View,Balcony ( Super Saver rate)", "amount": 515.25604, "date": "2021-06-13T00:00:00Z", "last_updated_partition": "2021/06/17/18/41/49/847457649Z"}, {"model_version": "1.0", "object_type": "hotel_stay_revenue", "last_updated": "2021-06-17T18:41:49.847457649Z", "created_on": "2021-06-12T12:06:30.512656676Z", "last_updated_by": "Dimitri Hilll", "created_by": "Else Hackett", "id": "JST81MQXMA", "booking_id": "ZZWVZS66N7", "traveller_id": "2524458725", "currency_code": "MUR", "currency_name": "Mauritius Rupee", "currency_symbol": "", "first_name": "Sheldon", "last_name": "Satterfield", "email": "", "phone": "", "start_date": "2021-06-10", "hotel_code": "TOK01", "type": "Room Charge 2021-06-13", "description": "King Room with Balcony ( Xmas special rate)", "amount": 615.564, "date": "2021-06-13T00:00:00Z", "last_updated_partition": "2021/06/17/18/41/49/847457649Z"}, {"model_version": "1.0", "object_type": "hotel_stay_revenue", "last_updated": "2021-06-17T18:41:49.847457649Z", "created_on": "2021-06-12T12:06:30.512656676Z", "last_updated_by": "Dimitri Hilll", "created_by": "Else Hackett", "id": "JST81MQXMA", "booking_id": "ZZWVZS66N7", "traveller_id": "2524458725", "currency_code": "MUR", "currency_name": "Mauritius Rupee", "currency_symbol": "", "first_name": "Sheldon", "last_name": "Satterfield", "email": "", "phone": "", "start_date": "2021-06-10", "hotel_code": "TOK01", "type": "Room Charge 2021-06-13", "description": "Suite with Mini bar,Balcony ( Super Saver rate)", "amount": 658.9824, "date": "2021-06-13T00:00:00Z", "last_updated_partition": "2021/06/17/18/41/49/847457649Z"}, {"model_version": "1.0", "object_type": "hotel_stay_revenue", "last_updated": "2021-06-17T18:41:49.847457649Z", "created_on": "2021-06-12T12:06:30.512656676Z", "last_updated_by": "Dimitri Hilll", "created_by": "Else Hackett", "id": "JST81MQXMA", "booking_id": "ZZWVZS66N7", "traveller_id": "2524458725", "currency_code": "MUR", "currency_name": "Mauritius Rupee", "currency_symbol": "", "first_name": "Sheldon", "last_name": "Satterfield", "email": "", "phone": "", "start_date": "2021-06-10", "hotel_code": "TOK01", "type": "Room Charge 2021-06-14", "description": "Suite with  ( Best avaialble rate)", "amount": 1164.499, "date": "2021-06-14T00:00:00Z", "last_updated_partition": "2021/06/17/18/41/49/847457649Z"}, {"model_version": "1.0", "object_type": "hotel_stay_revenue", "last_updated": "2021-06-17T18:41:49.847457649Z", "created_on": "2021-06-12T12:06:30.512656676Z", "last_updated_by": "Dimitri Hilll", "created_by": "Else Hackett", "id": "JST81MQXMA", "booking_id": "ZZWVZS66N7", "traveller_id": "2524458725", "currency_code": "MUR", "currency_name": "Mauritius Rupee", "currency_symbol": "", "first_name": "Sheldon", "last_name": "Satterfield", "email": "", "phone": "", "start_date": "2021-06-10", "hotel_code": "TOK01", "type": "Room Charge 2021-06-14", "description": "Doubel room with Sea View,Balcony ( Super Saver rate)", "amount": 276.06952, "date": "2021-06-14T00:00:00Z", "last_updated_partition": "2021/06/17/18/41/49/847457649Z"}, {"model_version": "1.0", "object_type": "hotel_stay_revenue", "last_updated": "2021-06-17T18:41:49.847457649Z", "created_on": "2021-06-12T12:06:30.512656676Z", "last_updated_by": "Dimitri Hilll", "created_by": "Else Hackett", "id": "JST81MQXMA", "booking_id": "ZZWVZS66N7", "traveller_id": "2524458725", "currency_code": "MUR", "currency_name": "Mauritius Rupee", "currency_symbol": "", "first_name": "Sheldon", "last_name": "Satterfield", "email": "", "phone": "", "start_date": "2021-06-10", "hotel_code": "TOK01", "type": "Room Charge 2021-06-14", "description": "King Room with Balcony ( Xmas special rate)", "amount": 443.513, "date": "2021-06-14T00:00:00Z", "last_updated_partition": "2021/06/17/18/41/49/847457649Z"}, {"model_version": "1.0", "object_type": "hotel_stay_revenue", "last_updated": "2021-06-17T18:41:49.847457649Z", "created_on": "2021-06-12T12:06:30.512656676Z", "last_updated_by": "Dimitri Hilll", "created_by": "Else Hackett", "id": "JST81MQXMA", "booking_id": "ZZWVZS66N7", "traveller_id": "2524458725", "currency_code": "MUR", "currency_name": "Mauritius Rupee", "currency_symbol": "", "first_name": "Sheldon", "last_name": "Satterfield", "email": "", "phone": "", "start_date": "2021-06-10", "hotel_code": "TOK01", "type": "Room Charge 2021-06-14", "description": "Suite with Mini bar,Balcony ( Super Saver rate)", "amount": 997.24896, "date": "2021-06-14T00:00:00Z", "last_updated_partition": "2021/06/17/18/41/49/847457649Z"}, {"model_version": "1.0", "object_type": "hotel_stay_revenue", "last_updated": "2021-06-17T18:41:49.847457649Z", "created_on": "2021-06-12T12:06:30.512656676Z", "last_updated_by": "Dimitri Hilll", "created_by": "Else Hackett", "id": "JST81MQXMA", "booking_id": "ZZWVZS66N7", "traveller_id": "2524458725", "currency_code": "MUR", "currency_name": "Mauritius Rupee", "currency_symbol": "", "first_name": "Sheldon", "last_name": "Satterfield", "email": "", "phone": "", "start_date": "2021-06-10", "hotel_code": "TOK01", "type": "Room Charge 2021-06-15", "description": "Suite with  ( Best avaialble rate)", "amount": 1553.8666, "date": "2021-06-15T00:00:00Z", "last_updated_partition": "2021/06/17/18/41/49/847457649Z"}, {"model_version": "1.0", "object_type": "hotel_stay_revenue", "last_updated": "2021-06-17T18:41:49.847457649Z", "created_on": "2021-06-12T12:06:30.512656676Z", "last_updated_by": "Dimitri Hilll", "created_by": "Else Hackett", "id": "JST81MQXMA", "booking_id": "ZZWVZS66N7", "traveller_id": "2524458725", "currency_code": "MUR", "currency_name": "Mauritius Rupee", "currency_symbol": "", "first_name": "Sheldon", "last_name": "Satterfield", "email": "", "phone": "", "start_date": "2021-06-10", "hotel_code": "TOK01", "type": "Room Charge 2021-06-15", "description": "Doubel room with Sea View,Balcony ( Super Saver rate)", "amount": 559.372, "date": "2021-06-15T00:00:00Z", "last_updated_partition": "2021/06/17/18/41/49/847457649Z"}, {"model_version": "1.0", "object_type": "hotel_stay_revenue", "last_updated": "2021-06-17T18:41:49.847457649Z", "created_on": "2021-06-12T12:06:30.512656676Z", "last_updated_by": "Dimitri Hilll", "created_by": "Else Hackett", "id": "JST81MQXMA", "booking_id": "ZZWVZS66N7", "traveller_id": "2524458725", "currency_code": "MUR", "currency_name": "Mauritius Rupee", "currency_symbol": "", "first_name": "Sheldon", "last_name": "Satterfield", "email": "", "phone": "", "start_date": "2021-06-10", "hotel_code": "TOK01", "type": "Room Charge 2021-06-15", "description": "King Room with Balcony ( Xmas special rate)", "amount": 597.2458, "date": "2021-06-15T00:00:00Z", "last_updated_partition": "2021/06/17/18/41/49/847457649Z"}, {"model_version": "1.0", "object_type": "hotel_stay_revenue", "last_updated": "2021-06-17T18:41:49.847457649Z", "created_on": "2021-06-12T12:06:30.512656676Z", "last_updated_by": "Dimitri Hilll", "created_by": "Else Hackett", "id": "JST81MQXMA", "booking_id": "ZZWVZS66N7", "traveller_id": "2524458725", "currency_code": "MUR", "currency_name": "Mauritius Rupee", "currency_symbol": "", "first_name": "Sheldon", "last_name": "Satterfield", "email": "", "phone": "", "start_date": "2021-06-10", "hotel_code": "TOK01", "type": "Room Charge 2021-06-15", "description": "Suite with Mini bar,Balcony ( Super Saver rate)", "amount": 1040.1934, "date": "2021-06-15T00:00:00Z", "last_updated_partition": "2021/06/17/18/41/49/847457649Z"}, {"model_version": "1.0", "object_type": "hotel_stay_revenue", "last_updated": "2021-06-17T18:41:49.847457649Z", "created_on": "2021-06-12T12:06:30.512656676Z", "last_updated_by": "Dimitri Hilll", "created_by": "Else Hackett", "id": "JST81MQXMA", "booking_id": "ZZWVZS66N7", "traveller_id": "2524458725", "currency_code": "MUR", "currency_name": "Mauritius Rupee", "currency_symbol": "", "first_name": "Sheldon", "last_name": "Satterfield", "email": "", "phone": "", "start_date": "2021-06-10", "hotel_code": "TOK01", "type": "Room Charge 2021-06-16", "description": "Suite with  ( Best avaialble rate)", "amount": 1394.1196, "date": "2021-06-16T00:00:00Z", "last_updated_partition": "2021/06/17/18/41/49/847457649Z"}, {"model_version": "1.0", "object_type": "hotel_stay_revenue", "last_updated": "2021-06-17T18:41:49.847457649Z", "created_on": "2021-06-12T12:06:30.512656676Z", "last_updated_by": "Dimitri Hilll", "created_by": "Else Hackett", "id": "JST81MQXMA", "booking_id": "ZZWVZS66N7", "traveller_id": "2524458725", "currency_code": "MUR", "currency_name": "Mauritius Rupee", "currency_symbol": "", "first_name": "Sheldon", "last_name": "Satterfield", "email": "", "phone": "", "start_date": "2021-06-10", "hotel_code": "TOK01", "type": "Room Charge 2021-06-16", "description": "Doubel room with Sea View,Balcony ( Super Saver rate)", "amount": 585.93005, "date": "2021-06-16T00:00:00Z", "last_updated_partition": "2021/06/17/18/41/49/847457649Z"}, {"model_version": "1.0", "object_type": "hotel_stay_revenue", "last_updated": "2021-06-17T18:41:49.847457649Z", "created_on": "2021-06-12T12:06:30.512656676Z", "last_updated_by": "Dimitri Hilll", "created_by": "Else Hackett", "id": "JST81MQXMA", "booking_id": "ZZWVZS66N7", "traveller_id": "2524458725", "currency_code": "MUR", "currency_name": "Mauritius Rupee", "currency_symbol": "", "first_name": "Sheldon", "last_name": "Satterfield", "email": "", "phone": "", "start_date": "2021-06-10", "hotel_code": "TOK01", "type": "Room Charge 2021-06-16", "description": "King Room with Balcony ( Xmas special rate)", "amount": 962.4938, "date": "2021-06-16T00:00:00Z", "last_updated_partition": "2021/06/17/18/41/49/847457649Z"}, {"model_version": "1.0", "object_type": "hotel_stay_revenue", "last_updated": "2021-06-17T18:41:49.847457649Z", "created_on": "2021-06-12T12:06:30.512656676Z", "last_updated_by": "Dimitri Hilll", "created_by": "Else Hackett", "id": "JST81MQXMA", "booking_id": "ZZWVZS66N7", "traveller_id": "2524458725", "currency_code": "MUR", "currency_name": "Mauritius Rupee", "currency_symbol": "", "first_name": "Sheldon", "last_name": "Satterfield", "email": "", "phone": "", "start_date": "2021-06-10", "hotel_code": "TOK01", "type": "Room Charge 2021-06-16", "description": "Suite with Mini bar,Balcony ( Super Saver rate)", "amount": 1144.7333, "date": "2021-06-16T00:00:00Z", "last_updated_partition": "2021/06/17/18/41/49/847457649Z"}, {"model_version": "1.0", "object_type": "hotel_stay_revenue", "last_updated": "2021-06-17T18:41:49.847457649Z", "created_on": "2021-06-12T12:06:30.512656676Z", "last_updated_by": "Dimitri Hilll", "created_by": "Else Hackett", "id": "JST81MQXMA", "booking_id": "ZZWVZS66N7", "traveller_id": "2524458725", "currency_code": "MUR", "currency_name": "Mauritius Rupee", "currency_symbol": "", "first_name": "Sheldon", "last_name": "Satterfield", "email": "", "phone": "", "start_date": "2021-06-10", "hotel_code": "TOK01", "type": "Room Charge 2021-06-17", "description": "Suite with  ( Best avaialble rate)", "amount": 498.16534, "date": "2021-06-17T00:00:00Z", "last_updated_partition": "2021/06/17/18/41/49/847457649Z"}, {"model_version": "1.0", "object_type": "hotel_stay_revenue", "last_updated": "2021-06-17T18:41:49.847457649Z", "created_on": "2021-06-12T12:06:30.512656676Z", "last_updated_by": "Dimitri Hilll", "created_by": "Else Hackett", "id": "JST81MQXMA", "booking_id": "ZZWVZS66N7", "traveller_id": "2524458725", "currency_code": "MUR", "currency_name": "Mauritius Rupee", "currency_symbol": "", "first_name": "Sheldon", "last_name": "Satterfield", "email": "", "phone": "", "start_date": "2021-06-10", "hotel_code": "TOK01", "type": "Room Charge 2021-06-17", "description": "Doubel room with Sea View,Balcony ( Super Saver rate)", "amount": 547.5008, "date": "2021-06-17T00:00:00Z", "last_updated_partition": "2021/06/17/18/41/49/847457649Z"}, {"model_version": "1.0", "object_type": "hotel_stay_revenue", "last_updated": "2021-06-17T18:41:49.847457649Z", "created_on": "2021-06-12T12:06:30.512656676Z", "last_updated_by": "Dimitri Hilll", "created_by": "Else Hackett", "id": "JST81MQXMA", "booking_id": "ZZWVZS66N7", "traveller_id": "2524458725", "currency_code": "MUR", "currency_name": "Mauritius Rupee", "currency_symbol": "", "first_name": "Sheldon", "last_name": "Satterfield", "email": "", "phone": "", "start_date": "2021-06-10", "hotel_code": "TOK01", "type": "Room Charge 2021-06-17", "description": "King Room with Balcony ( Xmas special rate)", "amount": 1178.2754, "date": "2021-06-17T00:00:00Z", "last_updated_partition": "2021/06/17/18/41/49/847457649Z"}, {"model_version": "1.0", "object_type": "hotel_stay_revenue", "last_updated": "2021-06-17T18:41:49.847457649Z", "created_on": "2021-06-12T12:06:30.512656676Z", "last_updated_by": "Dimitri Hilll", "created_by": "Else Hackett", "id": "JST81MQXMA", "booking_id": "ZZWVZS66N7", "traveller_id": "2524458725", "currency_code": "MUR", "currency_name": "Mauritius Rupee", "currency_symbol": "", "first_name": "Sheldon", "last_name": "Satterfield", "email": "", "phone": "", "start_date": "2021-06-10", "hotel_code": "TOK01", "type": "Room Charge 2021-06-17", "description": "Suite with Mini bar,Balcony ( Super Saver rate)", "amount": 284.62305, "date": "2021-06-17T00:00:00Z", "last_updated_partition": "2021/06/17/18/41/49/847457649Z"}, {"model_version": "1.0", "object_type": "hotel_stay_revenue", "last_updated": "2021-06-17T18:41:49.847457649Z", "created_on": "2021-06-12T12:06:30.512656676Z", "last_updated_by": "Dimitri Hilll", "created_by": "Else Hackett", "id": "JST81MQXMA", "booking_id": "ZZWVZS66N7", "traveller_id": "2524458725", "currency_code": "MUR", "currency_name": "Mauritius Rupee", "currency_symbol": "", "first_name": "Sheldon", "last_name": "Satterfield", "email": "", "phone": "", "start_date": "2021-06-10", "hotel_code": "TOK01", "type": "Room Charge 2021-06-18", "description": "Suite with  ( Best avaialble rate)", "amount": 839.15393, "date": "2021-06-18T00:00:00Z", "last_updated_partition": "2021/06/17/18/41/49/847457649Z"}, {"model_version": "1.0", "object_type": "hotel_stay_revenue", "last_updated": "2021-06-17T18:41:49.847457649Z", "created_on": "2021-06-12T12:06:30.512656676Z", "last_updated_by": "Dimitri Hilll", "created_by": "Else Hackett", "id": "JST81MQXMA", "booking_id": "ZZWVZS66N7", "traveller_id": "2524458725", "currency_code": "MUR", "currency_name": "Mauritius Rupee", "currency_symbol": "", "first_name": "Sheldon", "last_name": "Satterfield", "email": "", "phone": "", "start_date": "2021-06-10", "hotel_code": "TOK01", "type": "Room Charge 2021-06-18", "description": "Doubel room with Sea View,Balcony ( Super Saver rate)", "amount": 666.3417, "date": "2021-06-18T00:00:00Z", "last_updated_partition": "2021/06/17/18/41/49/847457649Z"}, {"model_version": "1.0", "object_type": "hotel_stay_revenue", "last_updated": "2021-06-17T18:41:49.847457649Z", "created_on": "2021-06-12T12:06:30.512656676Z", "last_updated_by": "Dimitri Hilll", "created_by": "Else Hackett", "id": "JST81MQXMA", "booking_id": "ZZWVZS66N7", "traveller_id": "2524458725", "currency_code": "MUR", "currency_name": "Mauritius Rupee", "currency_symbol": "", "first_name": "Sheldon", "last_name": "Satterfield", "email": "", "phone": "", "start_date": "2021-06-10", "hotel_code": "TOK01", "type": "Room Charge 2021-06-18", "description": "King Room with Balcony ( Xmas special rate)", "amount": 1180.5139, "date": "2021-06-18T00:00:00Z", "last_updated_partition": "2021/06/17/18/41/49/847457649Z"}, {"model_version": "1.0", "object_type": "hotel_stay_revenue", "last_updated": "2021-06-17T18:41:49.847457649Z", "created_on": "2021-06-12T12:06:30.512656676Z", "last_updated_by": "Dimitri Hilll", "created_by": "Else Hackett", "id": "JST81MQXMA", "booking_id": "ZZWVZS66N7", "traveller_id": "2524458725", "currency_code": "MUR", "currency_name": "Mauritius Rupee", "currency_symbol": "", "first_name": "Sheldon", "last_name": "Satterfield", "email": "", "phone": "", "start_date": "2021-06-10", "hotel_code": "TOK01", "type": "Room Charge 2021-06-18", "description": "Suite with Mini bar,Balcony ( Super Saver rate)", "amount": 859.8766, "date": "2021-06-18T00:00:00Z", "last_updated_partition": "2021/06/17/18/41/49/847457649Z"}, {"model_version": "1.0", "object_type": "hotel_stay_revenue", "last_updated": "2021-06-17T18:41:49.847457649Z", "created_on": "2021-06-12T12:06:30.512656676Z", "last_updated_by": "Dimitri Hilll", "created_by": "Else Hackett", "id": "JST81MQXMA", "booking_id": "ZZWVZS66N7", "traveller_id": "2524458725", "currency_code": "MUR", "currency_name": "Mauritius Rupee", "currency_symbol": "", "first_name": "Sheldon", "last_name": "Satterfield", "email": "", "phone": "", "start_date": "2021-06-10", "hotel_code": "TOK01", "type": "snack bar", "description": "", "amount": 46.86966, "date": "2021-06-10T09:04:46.998883399Z", "last_updated_partition": "2021/06/17/18/41/49/847457649Z"}, {"model_version": "1.0", "object_type": "hotel_stay_revenue", "last_updated": "2021-06-17T18:41:49.847457649Z", "created_on": "2021-06-12T12:06:30.512656676Z", "last_updated_by": "Dimitri Hilll", "created_by": "Else Hackett", "id": "JST81MQXMA", "booking_id": "ZZWVZS66N7", "traveller_id": "2524458725", "currency_code": "MUR", "currency_name": "Mauritius Rupee", "currency_symbol": "", "first_name": "Sheldon", "last_name": "Satterfield", "email": "", "phone": "", "start_date": "2021-06-10", "hotel_code": "TOK01", "type": "sodas", "description": "", "amount": 39.766483, "date": "2021-06-11T06:04:23.092697818Z", "last_updated_partition": "2021/06/17/18/41/49/847457649Z"}, {"model_version": "1.0", "object_type": "hotel_stay_revenue", "last_updated": "2021-06-17T18:41:49.847457649Z", "created_on": "2021-06-12T12:06:30.512656676Z", "last_updated_by": "Dimitri Hilll", "created_by": "Else Hackett", "id": "JST81MQXMA", "booking_id": "ZZWVZS66N7", "traveller_id": "2524458725", "currency_code": "MUR", "currency_name": "Mauritius Rupee", "currency_symbol": "", "first_name": "Sheldon", "last_name": "Satterfield", "email": "", "phone": "", "start_date": "2021-06-10", "hotel_code": "TOK01", "type": "snack bar", "description": "", "amount": 23.467516, "date": "2021-06-11T16:38:32.161309667Z", "last_updated_partition": "2021/06/17/18/41/49/847457649Z"}, {"model_version": "1.0", "object_type": "hotel_stay_revenue", "last_updated": "2021-06-17T18:41:49.847457649Z", "created_on": "2021-06-12T12:06:30.512656676Z", "last_updated_by": "Dimitri Hilll", "created_by": "Else Hackett", "id": "JST81MQXMA", "booking_id": "ZZWVZS66N7", "traveller_id": "2524458725", "currency_code": "MUR", "currency_name": "Mauritius Rupee", "currency_symbol": "", "first_name": "Sheldon", "last_name": "Satterfield", "email": "", "phone": "", "start_date": "2021-06-10", "hotel_code": "TOK01", "type": "Room Charge 2021-06-10", "description": "King Room with  ( Xmas special rate)", "amount": 739.9942, "date": "2021-06-10T00:00:00Z", "last_updated_partition": "2021/06/17/18/41/49/847457649Z"}, {"model_version": "1.0", "object_type": "hotel_stay_revenue", "last_updated": "2021-06-17T18:41:49.847457649Z", "created_on": "2021-06-12T12:06:30.512656676Z", "last_updated_by": "Dimitri Hilll", "created_by": "Else Hackett", "id": "JST81MQXMA", "booking_id": "ZZWVZS66N7", "traveller_id": "2524458725", "currency_code": "MUR", "currency_name": "Mauritius Rupee", "currency_symbol": "", "first_name": "Sheldon", "last_name": "Satterfield", "email": "", "phone": "", "start_date": "2021-06-10", "hotel_code": "TOK01", "type": "Room Charge 2021-06-10", "description": "Doubel room with Mini bar ( Super Saver rate)", "amount": 1502.6855, "date": "2021-06-10T00:00:00Z", "last_updated_partition": "2021/06/17/18/41/49/847457649Z"}]}