{"guest_profile_recs": [{"object_type": "pax_profile", "model_version": "1.0", "last_updated": "2022-11-04T02:26:33.862166999Z", "created_on": "2022-07-04T02:26:33.862166999Z", "last_updated_by": "Amparo Schmitt", "created_by": "Erick Harvey", "honorific": "Mx", "first_name": "Elliott", "middle_name": "Carleton", "last_name": "Daugherty", "gender": "other", "pronoun": "they", "date_of_birth": "2013-04-09", "job_title": "Administrator", "company": "US Green Data", "nationality_code": "AT", "nationality_name": "", "language_code": "fy", "language_name": "", "email_business": "", "email": "", "email_type": "", "phone": "6159425518", "phone_home": "", "phone_mobile": "", "phone_business": "", "phone_type": "personal", "address_line1": "9137 Corner shire", "address_line2": "more content line 2", "address_line3": "more content line 3", "address_line4": "more content line 4", "address_city": "Fresno", "address_state_province": "", "address_postal_code": "35992", "address_country": "CH", "address_billing_line1": "", "address_billing_line2": "", "address_billing_line3": "", "address_billing_line4": "", "address_billing_city": "", "address_billing_state_province": "", "address_billing_postal_code": "", "address_billing_country": "", "address_business_line1": "", "address_business_line2": "", "address_business_line3": "", "address_business_line4": "", "address_business_city": "", "address_business_state_province": "", "address_business_postal_code": "", "address_business_country": "", "address_mailing_line1": "", "address_mailing_line2": "", "address_mailing_line3": "", "address_mailing_line4": "", "address_mailing_city": "", "address_mailing_state_province": "", "address_mailing_postal_code": "", "address_mailing_country": "", "address_type": "", "traveller_id": "4105342576", "last_updated_partition": "2022/11/04/02/26/33/862166999Z"}], "common_email_recs": [], "common_phone_recs": [{"object_type": "phone_history", "model_version": "1.0", "last_updated": "2022-11-04T02:26:33.862166999Z", "last_updated_by": "Amparo Schmitt", "number": "6159425518", "country_code": 33, "type": "personal", "traveller_id": "4105342576", "last_updated_partition": "2022/11/04/02/26/33/862166999Z"}], "hotel_loyalty_recs": []}