{"air_booking_recs": [{"model_version": "1.0", "object_type": "air_booking", "last_updated": "2021-04-02T14:07:15.895632153Z", "last_updated_by": "Luna Armstrong", "booking_id": "E5QEYX", "segment_id": "E5QEYX-JFK-ORD", "from": "JFK", "to": "ORD", "flight_number": "LF3057", "departure_date": "2021-12-30", "departure_time": "15:44", "arrival_date": "2021-12-30", "arrival_time": "20:10", "channel": "gds", "status": "confirmed", "honorific": "Ms", "first_name": "Eleonore", "middle_name": "Coby", "last_name": "Kling", "gender": "female", "pronoun": "she", "date_of_birth": "2015-08-11", "job_title": "Associate", "company": "Barchart", "price": 0.0, "payment_type": "voucher", "cc_token": "", "cc_type": "", "cc_exp": "", "cc_cvv": "", "cc_name": "", "address_billing_line1": "", "address_billing_line2": "", "address_billing_line3": "", "address_billing_line4": "", "address_billing_postal_codes": "", "address_billing_city": "", "address_billing_state_province": "", "address_billing_country": "", "email": "pearliecarter@bailey.info", "email_type": "personal", "phone_business": "8400997949", "phone_type": "mobile", "traveller_id": "0850621616", "address_shipping_line1": "934 Port Ways shire", "address_shipping_line2": "more content line 2", "address_shipping_line3": "more content line 3", "address_shipping_line4": "more content line 4", "address_shipping_postal_codes": "38981", "address_shipping_city": "Dallas", "address_shipping_state_province": "DE", "address_shipping_country": "SG", "address_type": "shipping"}, {"model_version": "1.0", "object_type": "air_booking", "last_updated": "2021-04-02T14:07:15.895632153Z", "last_updated_by": "Luna Armstrong", "booking_id": "E5QEYX", "segment_id": "E5QEYX-ORD-FRA", "from": "ORD", "to": "FRA", "flight_number": "LF3316", "departure_date": "2021-12-30", "departure_time": "18:44", "arrival_date": "2021-12-31", "arrival_time": "01:22", "channel": "gds", "status": "confirmed", "honorific": "Ms", "first_name": "Eleonore", "middle_name": "Coby", "last_name": "Kling", "gender": "female", "pronoun": "she", "date_of_birth": "2015-08-11", "job_title": "Associate", "company": "Barchart", "price": 0.0, "payment_type": "voucher", "cc_token": "", "cc_type": "", "cc_exp": "", "cc_cvv": "", "cc_name": "", "address_billing_line1": "", "address_billing_line2": "", "address_billing_line3": "", "address_billing_line4": "", "address_billing_postal_codes": "", "address_billing_city": "", "address_billing_state_province": "", "address_billing_country": "", "email": "pearliecarter@bailey.info", "email_type": "personal", "phone_business": "8400997949", "phone_type": "mobile", "traveller_id": "0850621616", "address_shipping_line1": "934 Port Ways shire", "address_shipping_line2": "more content line 2", "address_shipping_line3": "more content line 3", "address_shipping_line4": "more content line 4", "address_shipping_postal_codes": "38981", "address_shipping_city": "Dallas", "address_shipping_state_province": "DE", "address_shipping_country": "SG", "address_type": "shipping"}, {"model_version": "1.0", "object_type": "air_booking", "last_updated": "2021-04-02T14:07:15.895632153Z", "last_updated_by": "Luna Armstrong", "booking_id": "E5QEYX", "segment_id": "E5QEYX-FRA-ATL", "from": "FRA", "to": "ATL", "flight_number": "LF8648", "departure_date": "2021-12-30", "departure_time": "21:53", "arrival_date": "2021-12-31", "arrival_time": "04:02", "channel": "gds", "status": "confirmed", "honorific": "Ms", "first_name": "Eleonore", "middle_name": "Coby", "last_name": "Kling", "gender": "female", "pronoun": "she", "date_of_birth": "2015-08-11", "job_title": "Associate", "company": "Barchart", "price": 0.0, "payment_type": "voucher", "cc_token": "", "cc_type": "", "cc_exp": "", "cc_cvv": "", "cc_name": "", "address_billing_line1": "", "address_billing_line2": "", "address_billing_line3": "", "address_billing_line4": "", "address_billing_postal_codes": "", "address_billing_city": "", "address_billing_state_province": "", "address_billing_country": "", "email": "pearliecarter@bailey.info", "email_type": "personal", "phone_business": "8400997949", "phone_type": "mobile", "traveller_id": "0850621616", "address_shipping_line1": "934 Port Ways shire", "address_shipping_line2": "more content line 2", "address_shipping_line3": "more content line 3", "address_shipping_line4": "more content line 4", "address_shipping_postal_codes": "38981", "address_shipping_city": "Dallas", "address_shipping_state_province": "DE", "address_shipping_country": "SG", "address_type": "shipping"}, {"model_version": "1.0", "object_type": "air_booking", "last_updated": "2021-04-02T14:07:15.895632153Z", "last_updated_by": "Luna Armstrong", "booking_id": "E5QEYX", "segment_id": "E5QEYX-ATL-FRA", "from": "ATL", "to": "FRA", "flight_number": "LF0436", "departure_date": "2021-05-01", "departure_time": "17:24", "arrival_date": "2021-05-01", "arrival_time": "21:22", "channel": "gds", "status": "confirmed", "honorific": "Ms", "first_name": "Eleonore", "middle_name": "Coby", "last_name": "Kling", "gender": "female", "pronoun": "she", "date_of_birth": "2015-08-11", "job_title": "Associate", "company": "Barchart", "price": 0.0, "payment_type": "voucher", "cc_token": "", "cc_type": "", "cc_exp": "", "cc_cvv": "", "cc_name": "", "address_billing_line1": "", "address_billing_line2": "", "address_billing_line3": "", "address_billing_line4": "", "address_billing_postal_codes": "", "address_billing_city": "", "address_billing_state_province": "", "address_billing_country": "", "email": "pearliecarter@bailey.info", "email_type": "personal", "phone_business": "8400997949", "phone_type": "mobile", "traveller_id": "0850621616", "address_shipping_line1": "934 Port Ways shire", "address_shipping_line2": "more content line 2", "address_shipping_line3": "more content line 3", "address_shipping_line4": "more content line 4", "address_shipping_postal_codes": "38981", "address_shipping_city": "Dallas", "address_shipping_state_province": "DE", "address_shipping_country": "SG", "address_type": "shipping"}, {"model_version": "1.0", "object_type": "air_booking", "last_updated": "2021-04-02T14:07:15.895632153Z", "last_updated_by": "Luna Armstrong", "booking_id": "E5QEYX", "segment_id": "E5QEYX-FRA-ORD", "from": "FRA", "to": "ORD", "flight_number": "LF6779", "departure_date": "2021-05-01", "departure_time": "18:30", "arrival_date": "2021-05-02", "arrival_time": "00:13", "channel": "gds", "status": "confirmed", "honorific": "Ms", "first_name": "Eleonore", "middle_name": "Coby", "last_name": "Kling", "gender": "female", "pronoun": "she", "date_of_birth": "2015-08-11", "job_title": "Associate", "company": "Barchart", "price": 0.0, "payment_type": "voucher", "cc_token": "", "cc_type": "", "cc_exp": "", "cc_cvv": "", "cc_name": "", "address_billing_line1": "", "address_billing_line2": "", "address_billing_line3": "", "address_billing_line4": "", "address_billing_postal_codes": "", "address_billing_city": "", "address_billing_state_province": "", "address_billing_country": "", "email": "pearliecarter@bailey.info", "email_type": "personal", "phone_business": "8400997949", "phone_type": "mobile", "traveller_id": "0850621616", "address_shipping_line1": "934 Port Ways shire", "address_shipping_line2": "more content line 2", "address_shipping_line3": "more content line 3", "address_shipping_line4": "more content line 4", "address_shipping_postal_codes": "38981", "address_shipping_city": "Dallas", "address_shipping_state_province": "DE", "address_shipping_country": "SG", "address_type": "shipping"}, {"model_version": "1.0", "object_type": "air_booking", "last_updated": "2021-04-02T14:07:15.895632153Z", "last_updated_by": "Luna Armstrong", "booking_id": "E5QEYX", "segment_id": "E5QEYX-ORD-JFK", "from": "ORD", "to": "JFK", "flight_number": "LF2894", "departure_date": "2021-05-01", "departure_time": "19:48", "arrival_date": "2021-05-02", "arrival_time": "06:37", "channel": "gds", "status": "confirmed", "honorific": "Ms", "first_name": "Eleonore", "middle_name": "Coby", "last_name": "Kling", "gender": "female", "pronoun": "she", "date_of_birth": "2015-08-11", "job_title": "Associate", "company": "Barchart", "price": 0.0, "payment_type": "voucher", "cc_token": "", "cc_type": "", "cc_exp": "", "cc_cvv": "", "cc_name": "", "address_billing_line1": "", "address_billing_line2": "", "address_billing_line3": "", "address_billing_line4": "", "address_billing_postal_codes": "", "address_billing_city": "", "address_billing_state_province": "", "address_billing_country": "", "email": "pearliecarter@bailey.info", "email_type": "personal", "phone_business": "8400997949", "phone_type": "mobile", "traveller_id": "0850621616", "address_shipping_line1": "934 Port Ways shire", "address_shipping_line2": "more content line 2", "address_shipping_line3": "more content line 3", "address_shipping_line4": "more content line 4", "address_shipping_postal_codes": "38981", "address_shipping_city": "Dallas", "address_shipping_state_province": "DE", "address_shipping_country": "SG", "address_type": "shipping"}, {"model_version": "1.0", "object_type": "air_booking", "last_updated": "2021-04-02T14:07:15.895632153Z", "last_updated_by": "Luna Armstrong", "booking_id": "E5QEYX", "segment_id": "E5QEYX-JFK-ORD", "from": "JFK", "to": "ORD", "flight_number": "LF3057", "departure_date": "2021-12-30", "departure_time": "15:44", "arrival_date": "2021-12-30", "arrival_time": "20:10", "channel": "gds", "status": "confirmed", "honorific": "Ms", "first_name": "Claud", "middle_name": "Andreanne", "last_name": "Cummerata", "gender": "other", "pronoun": "he", "date_of_birth": "1909-11-27", "job_title": "Orchestrator", "company": "Social Explorer", "price": 0.0, "payment_type": "voucher", "cc_token": "", "cc_type": "", "cc_exp": "", "cc_cvv": "", "cc_name": "", "address_billing_line1": "", "address_billing_line2": "", "address_billing_line3": "", "address_billing_line4": "", "address_billing_postal_codes": "", "address_billing_city": "", "address_billing_state_province": "", "address_billing_country": "", "email": "daisybeer@friesen.com", "email_type": "", "phone": "3284778536", "phone_type": "", "traveller_id": "3047621703", "address_line1": "19446 Port Creek chester", "address_line2": "more content line 2", "address_line3": "more content line 3", "address_line4": "more content line 4", "address_postal_codes": "48148", "address_city": "Boise", "address_state_province": "VT", "address_country": "KY", "address_type": ""}, {"model_version": "1.0", "object_type": "air_booking", "last_updated": "2021-04-02T14:07:15.895632153Z", "last_updated_by": "Luna Armstrong", "booking_id": "E5QEYX", "segment_id": "E5QEYX-ORD-FRA", "from": "ORD", "to": "FRA", "flight_number": "LF3316", "departure_date": "2021-12-30", "departure_time": "18:44", "arrival_date": "2021-12-31", "arrival_time": "01:22", "channel": "gds", "status": "confirmed", "honorific": "Ms", "first_name": "Claud", "middle_name": "Andreanne", "last_name": "Cummerata", "gender": "other", "pronoun": "he", "date_of_birth": "1909-11-27", "job_title": "Orchestrator", "company": "Social Explorer", "price": 0.0, "payment_type": "voucher", "cc_token": "", "cc_type": "", "cc_exp": "", "cc_cvv": "", "cc_name": "", "address_billing_line1": "", "address_billing_line2": "", "address_billing_line3": "", "address_billing_line4": "", "address_billing_postal_codes": "", "address_billing_city": "", "address_billing_state_province": "", "address_billing_country": "", "email": "daisybeer@friesen.com", "email_type": "", "phone": "3284778536", "phone_type": "", "traveller_id": "3047621703", "address_line1": "19446 Port Creek chester", "address_line2": "more content line 2", "address_line3": "more content line 3", "address_line4": "more content line 4", "address_postal_codes": "48148", "address_city": "Boise", "address_state_province": "VT", "address_country": "KY", "address_type": ""}, {"model_version": "1.0", "object_type": "air_booking", "last_updated": "2021-04-02T14:07:15.895632153Z", "last_updated_by": "Luna Armstrong", "booking_id": "E5QEYX", "segment_id": "E5QEYX-FRA-ATL", "from": "FRA", "to": "ATL", "flight_number": "LF8648", "departure_date": "2021-12-30", "departure_time": "21:53", "arrival_date": "2021-12-31", "arrival_time": "04:02", "channel": "gds", "status": "confirmed", "honorific": "Ms", "first_name": "Claud", "middle_name": "Andreanne", "last_name": "Cummerata", "gender": "other", "pronoun": "he", "date_of_birth": "1909-11-27", "job_title": "Orchestrator", "company": "Social Explorer", "price": 0.0, "payment_type": "voucher", "cc_token": "", "cc_type": "", "cc_exp": "", "cc_cvv": "", "cc_name": "", "address_billing_line1": "", "address_billing_line2": "", "address_billing_line3": "", "address_billing_line4": "", "address_billing_postal_codes": "", "address_billing_city": "", "address_billing_state_province": "", "address_billing_country": "", "email": "daisybeer@friesen.com", "email_type": "", "phone": "3284778536", "phone_type": "", "traveller_id": "3047621703", "address_line1": "19446 Port Creek chester", "address_line2": "more content line 2", "address_line3": "more content line 3", "address_line4": "more content line 4", "address_postal_codes": "48148", "address_city": "Boise", "address_state_province": "VT", "address_country": "KY", "address_type": ""}, {"model_version": "1.0", "object_type": "air_booking", "last_updated": "2021-04-02T14:07:15.895632153Z", "last_updated_by": "Luna Armstrong", "booking_id": "E5QEYX", "segment_id": "E5QEYX-ATL-FRA", "from": "ATL", "to": "FRA", "flight_number": "LF0436", "departure_date": "2021-05-01", "departure_time": "17:24", "arrival_date": "2021-05-01", "arrival_time": "21:22", "channel": "gds", "status": "confirmed", "honorific": "Ms", "first_name": "Claud", "middle_name": "Andreanne", "last_name": "Cummerata", "gender": "other", "pronoun": "he", "date_of_birth": "1909-11-27", "job_title": "Orchestrator", "company": "Social Explorer", "price": 0.0, "payment_type": "voucher", "cc_token": "", "cc_type": "", "cc_exp": "", "cc_cvv": "", "cc_name": "", "address_billing_line1": "", "address_billing_line2": "", "address_billing_line3": "", "address_billing_line4": "", "address_billing_postal_codes": "", "address_billing_city": "", "address_billing_state_province": "", "address_billing_country": "", "email": "daisybeer@friesen.com", "email_type": "", "phone": "3284778536", "phone_type": "", "traveller_id": "3047621703", "address_line1": "19446 Port Creek chester", "address_line2": "more content line 2", "address_line3": "more content line 3", "address_line4": "more content line 4", "address_postal_codes": "48148", "address_city": "Boise", "address_state_province": "VT", "address_country": "KY", "address_type": ""}, {"model_version": "1.0", "object_type": "air_booking", "last_updated": "2021-04-02T14:07:15.895632153Z", "last_updated_by": "Luna Armstrong", "booking_id": "E5QEYX", "segment_id": "E5QEYX-FRA-ORD", "from": "FRA", "to": "ORD", "flight_number": "LF6779", "departure_date": "2021-05-01", "departure_time": "18:30", "arrival_date": "2021-05-02", "arrival_time": "00:13", "channel": "gds", "status": "confirmed", "honorific": "Ms", "first_name": "Claud", "middle_name": "Andreanne", "last_name": "Cummerata", "gender": "other", "pronoun": "he", "date_of_birth": "1909-11-27", "job_title": "Orchestrator", "company": "Social Explorer", "price": 0.0, "payment_type": "voucher", "cc_token": "", "cc_type": "", "cc_exp": "", "cc_cvv": "", "cc_name": "", "address_billing_line1": "", "address_billing_line2": "", "address_billing_line3": "", "address_billing_line4": "", "address_billing_postal_codes": "", "address_billing_city": "", "address_billing_state_province": "", "address_billing_country": "", "email": "daisybeer@friesen.com", "email_type": "", "phone": "3284778536", "phone_type": "", "traveller_id": "3047621703", "address_line1": "19446 Port Creek chester", "address_line2": "more content line 2", "address_line3": "more content line 3", "address_line4": "more content line 4", "address_postal_codes": "48148", "address_city": "Boise", "address_state_province": "VT", "address_country": "KY", "address_type": ""}, {"model_version": "1.0", "object_type": "air_booking", "last_updated": "2021-04-02T14:07:15.895632153Z", "last_updated_by": "Luna Armstrong", "booking_id": "E5QEYX", "segment_id": "E5QEYX-ORD-JFK", "from": "ORD", "to": "JFK", "flight_number": "LF2894", "departure_date": "2021-05-01", "departure_time": "19:48", "arrival_date": "2021-05-02", "arrival_time": "06:37", "channel": "gds", "status": "confirmed", "honorific": "Ms", "first_name": "Claud", "middle_name": "Andreanne", "last_name": "Cummerata", "gender": "other", "pronoun": "he", "date_of_birth": "1909-11-27", "job_title": "Orchestrator", "company": "Social Explorer", "price": 0.0, "payment_type": "voucher", "cc_token": "", "cc_type": "", "cc_exp": "", "cc_cvv": "", "cc_name": "", "address_billing_line1": "", "address_billing_line2": "", "address_billing_line3": "", "address_billing_line4": "", "address_billing_postal_codes": "", "address_billing_city": "", "address_billing_state_province": "", "address_billing_country": "", "email": "daisybeer@friesen.com", "email_type": "", "phone": "3284778536", "phone_type": "", "traveller_id": "3047621703", "address_line1": "19446 Port Creek chester", "address_line2": "more content line 2", "address_line3": "more content line 3", "address_line4": "more content line 4", "address_postal_codes": "48148", "address_city": "Boise", "address_state_province": "VT", "address_country": "KY", "address_type": ""}], "common_email_recs": [{"model_version": "1.0", "object_type": "email_history", "last_updated": "2021-04-02T14:07:15.895632153Z", "last_updated_by": "Luna Armstrong", "address": "pearliecarter@bailey.info", "type": "personal", "traveller_id": "0850621616"}, {"model_version": "1.0", "object_type": "email_history", "last_updated": "2021-04-02T14:07:15.895632153Z", "last_updated_by": "Luna Armstrong", "address": "daisybeer@friesen.com", "type": "", "traveller_id": "3047621703"}], "common_phone_recs": [{"model_version": "1.0", "object_type": "phone_history", "last_updated": "2021-04-02T14:07:15.895632153Z", "last_updated_by": "Luna Armstrong", "number": "8400997949", "country_code": 52, "type": "mobile", "traveller_id": "0850621616"}, {"model_version": "1.0", "object_type": "phone_history", "last_updated": "2021-04-02T14:07:15.895632153Z", "last_updated_by": "Luna Armstrong", "number": "3284778536", "country_code": 5, "type": "", "traveller_id": "3047621703"}, {"model_version": "1.0", "object_type": "phone_history", "last_updated": "2021-04-02T14:07:15.895632153Z", "last_updated_by": "Luna Armstrong", "number": "3451974777", "country_code": 43, "type": "business", "traveller_id": "3047621703"}], "air_loyalty_recs": [{"model_version": "1.0", "object_type": "air_loyalty", "last_updated": "2021-04-02T14:07:15.895632153Z", "last_updated_by": "Luna Armstrong", "id": "5362558915", "program_name": "elite", "miles": "5362558915", "miles_to_next_level": 8852.0, "level": "platinium", "joined": "2021-12-09T07:59:14.873255297Z", "traveller_id": "3047621703"}]}