{"hotel_booking_recs": [{"model_version": "1.2.0", "object_type": "hotel_booking", "accp_object_id": "ATL03|MC2GNVAF2L|ZJA9XQMLC7|2024-10-06|59E0AJGS74", "segment_id": "ZJA9XQMLC7", "last_updated": "2024-04-24T10:07:23.867429Z", "last_updated_by": "Ana Rice", "tx_id": "test_tx_id", "booking_id": "MC2GNVAF2L", "last_booking_id": "MC2GNVAF2L", "creation_channel_id": "ota-anycompany", "last_update_channel_id": "", "hotel_code": "ATL03", "n_nights": 2.0, "n_guests": 2.0, "product_id": "59E0AJGS74", "check_in_date": "2024-10-06", "status": "checked_out", "honorific": "Ms", "first_name": "Trace", "middle_name": "Niko", "last_name": "Turcotte", "gender": "female", "pronoun": "she", "date_of_birth": "2015-06-29", "job_title": "Strategist", "company": "TagniFi", "total_segment_after_tax": 3877.4287, "total_segment_before_tax": 3371.677, "nationality_code": "", "nationality_name": "", "language_code": "", "language_name": "", "pms_id": "", "crs_id": "", "gds_id": "VINK3L1QLN", "room_type_code": "DBL", "room_type_name": "Double room", "room_type_description": "Room with Double bed", "rate_plan_code": "XMAS_WEEK", "rate_plan_name": "Xmas special rate", "rate_plan_description": "Special rate for the chrismas season", "attribute_codes": "BALCONY", "attribute_names": "Balcony", "attribute_descriptions": "Large balcony with chairs and a table", "add_on_codes": "TICKETS|SPA|SPA", "add_on_names": "Suite|Suite|Suite", "add_on_descriptions": "Tickets for our world reknown local theater|Luxury Spa session |Luxury Spa session ", "payment_type": "voucher", "cc_token": "", "cc_type": "", "cc_exp": "", "cc_cvv": "", "cc_name": "", "address_billing_line1": "", "address_billing_line2": "", "address_billing_line3": "", "address_billing_line4": "", "address_billing_postal_code": "", "address_billing_city": "", "address_billing_state": "", "address_billing_province": "", "address_billing_country": "", "address_billing_is_primary": false, "email_business": "", "email": "", "email_primary": "", "phone": "", "phone_home": "", "phone_mobile": "", "phone_business": "", "phone_primary": "", "address_line1": "", "address_line2": "", "address_line3": "", "address_line4": "", "address_city": "", "address_state": "", "address_province": "", "address_postal_code": "", "address_country": "", "address_is_primary": false, "address_business_line1": "581 Burgsfurt", "address_business_line2": "more content line 2", "address_business_line3": "more content line 3", "address_business_line4": "more content line 4", "address_business_city": "Mesa", "address_business_state": "FL", "address_business_province": "", "address_business_postal_code": "77375", "address_business_country": "RW", "address_business_is_primary": true, "address_mailing_line1": "", "address_mailing_line2": "", "address_mailing_line3": "", "address_mailing_line4": "", "address_mailing_city": "", "address_mailing_state": "", "address_mailing_province": "", "address_mailing_postal_code": "", "address_mailing_country": "", "address_mailing_is_primary": false, "address_type": "business", "traveller_id": "7564990300", "last_updated_partition": "2024-04-24-10", "extended_data": "", "booker_id": "7564990300"}, {"model_version": "1.2.0", "object_type": "hotel_booking", "accp_object_id": "ATL03|MC2GNVAF2L|ZJA9XQMLC7|2024-10-06|N91XHAGNOZ", "segment_id": "ZJA9XQMLC7", "last_updated": "2024-04-24T10:07:23.867429Z", "last_updated_by": "Ana Rice", "tx_id": "test_tx_id", "booking_id": "MC2GNVAF2L", "last_booking_id": "MC2GNVAF2L", "creation_channel_id": "ota-anycompany", "last_update_channel_id": "", "hotel_code": "ATL03", "n_nights": 2.0, "n_guests": 2.0, "product_id": "N91XHAGNOZ", "check_in_date": "2024-10-06", "status": "checked_out", "honorific": "Ms", "first_name": "Trace", "middle_name": "Niko", "last_name": "Turcotte", "gender": "female", "pronoun": "she", "date_of_birth": "2015-06-29", "job_title": "Strategist", "company": "TagniFi", "total_segment_after_tax": 3877.4287, "total_segment_before_tax": 3371.677, "nationality_code": "", "nationality_name": "", "language_code": "", "language_name": "", "pms_id": "", "crs_id": "", "gds_id": "VINK3L1QLN", "room_type_code": "SUITE", "room_type_name": "Suite", "room_type_description": "Luxury suite for a comfortable stays", "rate_plan_code": "SUPER_SAVER", "rate_plan_name": "Super Saver rate", "rate_plan_description": "Lower price for advanced purchase", "attribute_codes": "MINI_BAR|BALCONY", "attribute_names": "Mini bar|Balcony", "attribute_descriptions": "Mini bar with local snacks and beverages|Large balcony with chairs and a table", "add_on_codes": "BKFT", "add_on_names": "Suite", "add_on_descriptions": "Our famous continental breakfast", "payment_type": "voucher", "cc_token": "", "cc_type": "", "cc_exp": "", "cc_cvv": "", "cc_name": "", "address_billing_line1": "", "address_billing_line2": "", "address_billing_line3": "", "address_billing_line4": "", "address_billing_postal_code": "", "address_billing_city": "", "address_billing_state": "", "address_billing_province": "", "address_billing_country": "", "address_billing_is_primary": false, "email_business": "", "email": "", "email_primary": "", "phone": "", "phone_home": "", "phone_mobile": "", "phone_business": "", "phone_primary": "", "address_line1": "", "address_line2": "", "address_line3": "", "address_line4": "", "address_city": "", "address_state": "", "address_province": "", "address_postal_code": "", "address_country": "", "address_is_primary": false, "address_business_line1": "581 Burgsfurt", "address_business_line2": "more content line 2", "address_business_line3": "more content line 3", "address_business_line4": "more content line 4", "address_business_city": "Mesa", "address_business_state": "FL", "address_business_province": "", "address_business_postal_code": "77375", "address_business_country": "RW", "address_business_is_primary": true, "address_mailing_line1": "", "address_mailing_line2": "", "address_mailing_line3": "", "address_mailing_line4": "", "address_mailing_city": "", "address_mailing_state": "", "address_mailing_province": "", "address_mailing_postal_code": "", "address_mailing_country": "", "address_mailing_is_primary": false, "address_type": "business", "traveller_id": "7564990300", "last_updated_partition": "2024-04-24-10", "extended_data": "", "booker_id": "7564990300"}, {"model_version": "1.2.0", "object_type": "hotel_booking", "accp_object_id": "ATL03|MC2GNVAF2L|ZJA9XQMLC7|2024-10-06|N4CYSBNN50", "segment_id": "ZJA9XQMLC7", "last_updated": "2024-04-24T10:07:23.867429Z", "last_updated_by": "Ana Rice", "tx_id": "test_tx_id", "booking_id": "MC2GNVAF2L", "last_booking_id": "MC2GNVAF2L", "creation_channel_id": "ota-anycompany", "last_update_channel_id": "", "hotel_code": "ATL03", "n_nights": 2.0, "n_guests": 2.0, "product_id": "N4CYSBNN50", "check_in_date": "2024-10-06", "status": "checked_out", "honorific": "Ms", "first_name": "Trace", "middle_name": "Niko", "last_name": "Turcotte", "gender": "female", "pronoun": "she", "date_of_birth": "2015-06-29", "job_title": "Strategist", "company": "TagniFi", "total_segment_after_tax": 3877.4287, "total_segment_before_tax": 3371.677, "nationality_code": "", "nationality_name": "", "language_code": "", "language_name": "", "pms_id": "", "crs_id": "", "gds_id": "VINK3L1QLN", "room_type_code": "DBL", "room_type_name": "Double room", "room_type_description": "Room with Double bed", "rate_plan_code": "SUPER_SAVER", "rate_plan_name": "Super Saver rate", "rate_plan_description": "Lower price for advanced purchase", "attribute_codes": "SEA_VIEW|MINI_BAR", "attribute_names": "Sea View|Mini bar", "attribute_descriptions": "Full frontal view over the pacfic ocean|Mini bar with local snacks and beverages", "add_on_codes": "TICKETS", "add_on_names": "Suite", "add_on_descriptions": "Tickets for our world reknown local theater", "payment_type": "voucher", "cc_token": "", "cc_type": "", "cc_exp": "", "cc_cvv": "", "cc_name": "", "address_billing_line1": "", "address_billing_line2": "", "address_billing_line3": "", "address_billing_line4": "", "address_billing_postal_code": "", "address_billing_city": "", "address_billing_state": "", "address_billing_province": "", "address_billing_country": "", "address_billing_is_primary": false, "email_business": "", "email": "", "email_primary": "", "phone": "", "phone_home": "", "phone_mobile": "", "phone_business": "", "phone_primary": "", "address_line1": "", "address_line2": "", "address_line3": "", "address_line4": "", "address_city": "", "address_state": "", "address_province": "", "address_postal_code": "", "address_country": "", "address_is_primary": false, "address_business_line1": "581 Burgsfurt", "address_business_line2": "more content line 2", "address_business_line3": "more content line 3", "address_business_line4": "more content line 4", "address_business_city": "Mesa", "address_business_state": "FL", "address_business_province": "", "address_business_postal_code": "77375", "address_business_country": "RW", "address_business_is_primary": true, "address_mailing_line1": "", "address_mailing_line2": "", "address_mailing_line3": "", "address_mailing_line4": "", "address_mailing_city": "", "address_mailing_state": "", "address_mailing_province": "", "address_mailing_postal_code": "", "address_mailing_country": "", "address_mailing_is_primary": false, "address_type": "business", "traveller_id": "7564990300", "last_updated_partition": "2024-04-24-10", "extended_data": "", "booker_id": "7564990300"}, {"model_version": "1.2.0", "object_type": "hotel_booking", "accp_object_id": "ATL03|MC2GNVAF2L|ZJA9XQMLC7|2024-10-06|59E0AJGS74", "segment_id": "ZJA9XQMLC7", "last_updated": "2024-04-24T10:07:23.867429Z", "last_updated_by": "Ana Rice", "tx_id": "test_tx_id", "booking_id": "MC2GNVAF2L", "last_booking_id": "MC2GNVAF2L", "creation_channel_id": "ota-anycompany", "last_update_channel_id": "", "hotel_code": "ATL03", "n_nights": 2.0, "n_guests": 2.0, "product_id": "59E0AJGS74", "check_in_date": "2024-10-06", "status": "checked_out", "honorific": "Ms", "first_name": "Trace", "middle_name": "Niko", "last_name": "Turcotte", "gender": "female", "pronoun": "she", "date_of_birth": "2015-06-29", "job_title": "Strategist", "company": "TagniFi", "total_segment_after_tax": 3877.4287, "total_segment_before_tax": 3371.677, "nationality_code": "", "nationality_name": "", "language_code": "", "language_name": "", "pms_id": "", "crs_id": "", "gds_id": "VINK3L1QLN", "room_type_code": "DBL", "room_type_name": "Double room", "room_type_description": "Room with Double bed", "rate_plan_code": "XMAS_WEEK", "rate_plan_name": "Xmas special rate", "rate_plan_description": "Special rate for the chrismas season", "attribute_codes": "BALCONY", "attribute_names": "Balcony", "attribute_descriptions": "Large balcony with chairs and a table", "add_on_codes": "TICKETS|SPA|SPA", "add_on_names": "Suite|Suite|Suite", "add_on_descriptions": "Tickets for our world reknown local theater|Luxury Spa session |Luxury Spa session ", "payment_type": "voucher", "cc_token": "", "cc_type": "", "cc_exp": "", "cc_cvv": "", "cc_name": "", "address_billing_line1": "", "address_billing_line2": "", "address_billing_line3": "", "address_billing_line4": "", "address_billing_postal_code": "", "address_billing_city": "", "address_billing_state": "", "address_billing_province": "", "address_billing_country": "", "address_billing_is_primary": false, "email_business": "", "email": "", "email_primary": "", "phone": "", "phone_home": "", "phone_mobile": "", "phone_business": "", "phone_primary": "", "address_line1": "", "address_line2": "", "address_line3": "", "address_line4": "", "address_city": "", "address_state": "", "address_province": "", "address_postal_code": "", "address_country": "", "address_is_primary": false, "address_business_line1": "581 Burgsfurt", "address_business_line2": "more content line 2", "address_business_line3": "more content line 3", "address_business_line4": "more content line 4", "address_business_city": "Mesa", "address_business_state": "FL", "address_business_province": "", "address_business_postal_code": "77375", "address_business_country": "RW", "address_business_is_primary": true, "address_mailing_line1": "", "address_mailing_line2": "", "address_mailing_line3": "", "address_mailing_line4": "", "address_mailing_city": "", "address_mailing_state": "", "address_mailing_province": "", "address_mailing_postal_code": "", "address_mailing_country": "", "address_mailing_is_primary": false, "address_type": "business", "traveller_id": "7564990300", "last_updated_partition": "2024-04-24-10", "extended_data": ""}, {"model_version": "1.2.0", "object_type": "hotel_booking", "accp_object_id": "ATL03|MC2GNVAF2L|ZJA9XQMLC7|2024-10-06|N91XHAGNOZ", "segment_id": "ZJA9XQMLC7", "last_updated": "2024-04-24T10:07:23.867429Z", "last_updated_by": "Ana Rice", "tx_id": "test_tx_id", "booking_id": "MC2GNVAF2L", "last_booking_id": "MC2GNVAF2L", "creation_channel_id": "ota-anycompany", "last_update_channel_id": "", "hotel_code": "ATL03", "n_nights": 2.0, "n_guests": 2.0, "product_id": "N91XHAGNOZ", "check_in_date": "2024-10-06", "status": "checked_out", "honorific": "Ms", "first_name": "Trace", "middle_name": "Niko", "last_name": "Turcotte", "gender": "female", "pronoun": "she", "date_of_birth": "2015-06-29", "job_title": "Strategist", "company": "TagniFi", "total_segment_after_tax": 3877.4287, "total_segment_before_tax": 3371.677, "nationality_code": "", "nationality_name": "", "language_code": "", "language_name": "", "pms_id": "", "crs_id": "", "gds_id": "VINK3L1QLN", "room_type_code": "SUITE", "room_type_name": "Suite", "room_type_description": "Luxury suite for a comfortable stays", "rate_plan_code": "SUPER_SAVER", "rate_plan_name": "Super Saver rate", "rate_plan_description": "Lower price for advanced purchase", "attribute_codes": "MINI_BAR|BALCONY", "attribute_names": "Mini bar|Balcony", "attribute_descriptions": "Mini bar with local snacks and beverages|Large balcony with chairs and a table", "add_on_codes": "BKFT", "add_on_names": "Suite", "add_on_descriptions": "Our famous continental breakfast", "payment_type": "voucher", "cc_token": "", "cc_type": "", "cc_exp": "", "cc_cvv": "", "cc_name": "", "address_billing_line1": "", "address_billing_line2": "", "address_billing_line3": "", "address_billing_line4": "", "address_billing_postal_code": "", "address_billing_city": "", "address_billing_state": "", "address_billing_province": "", "address_billing_country": "", "address_billing_is_primary": false, "email_business": "", "email": "", "email_primary": "", "phone": "", "phone_home": "", "phone_mobile": "", "phone_business": "", "phone_primary": "", "address_line1": "", "address_line2": "", "address_line3": "", "address_line4": "", "address_city": "", "address_state": "", "address_province": "", "address_postal_code": "", "address_country": "", "address_is_primary": false, "address_business_line1": "581 Burgsfurt", "address_business_line2": "more content line 2", "address_business_line3": "more content line 3", "address_business_line4": "more content line 4", "address_business_city": "Mesa", "address_business_state": "FL", "address_business_province": "", "address_business_postal_code": "77375", "address_business_country": "RW", "address_business_is_primary": true, "address_mailing_line1": "", "address_mailing_line2": "", "address_mailing_line3": "", "address_mailing_line4": "", "address_mailing_city": "", "address_mailing_state": "", "address_mailing_province": "", "address_mailing_postal_code": "", "address_mailing_country": "", "address_mailing_is_primary": false, "address_type": "business", "traveller_id": "7564990300", "last_updated_partition": "2024-04-24-10", "extended_data": ""}, {"model_version": "1.2.0", "object_type": "hotel_booking", "accp_object_id": "ATL03|MC2GNVAF2L|ZJA9XQMLC7|2024-10-06|N4CYSBNN50", "segment_id": "ZJA9XQMLC7", "last_updated": "2024-04-24T10:07:23.867429Z", "last_updated_by": "Ana Rice", "tx_id": "test_tx_id", "booking_id": "MC2GNVAF2L", "last_booking_id": "MC2GNVAF2L", "creation_channel_id": "ota-anycompany", "last_update_channel_id": "", "hotel_code": "ATL03", "n_nights": 2.0, "n_guests": 2.0, "product_id": "N4CYSBNN50", "check_in_date": "2024-10-06", "status": "checked_out", "honorific": "Ms", "first_name": "Trace", "middle_name": "Niko", "last_name": "Turcotte", "gender": "female", "pronoun": "she", "date_of_birth": "2015-06-29", "job_title": "Strategist", "company": "TagniFi", "total_segment_after_tax": 3877.4287, "total_segment_before_tax": 3371.677, "nationality_code": "", "nationality_name": "", "language_code": "", "language_name": "", "pms_id": "", "crs_id": "", "gds_id": "VINK3L1QLN", "room_type_code": "DBL", "room_type_name": "Double room", "room_type_description": "Room with Double bed", "rate_plan_code": "SUPER_SAVER", "rate_plan_name": "Super Saver rate", "rate_plan_description": "Lower price for advanced purchase", "attribute_codes": "SEA_VIEW|MINI_BAR", "attribute_names": "Sea View|Mini bar", "attribute_descriptions": "Full frontal view over the pacfic ocean|Mini bar with local snacks and beverages", "add_on_codes": "TICKETS", "add_on_names": "Suite", "add_on_descriptions": "Tickets for our world reknown local theater", "payment_type": "voucher", "cc_token": "", "cc_type": "", "cc_exp": "", "cc_cvv": "", "cc_name": "", "address_billing_line1": "", "address_billing_line2": "", "address_billing_line3": "", "address_billing_line4": "", "address_billing_postal_code": "", "address_billing_city": "", "address_billing_state": "", "address_billing_province": "", "address_billing_country": "", "address_billing_is_primary": false, "email_business": "", "email": "", "email_primary": "", "phone": "", "phone_home": "", "phone_mobile": "", "phone_business": "", "phone_primary": "", "address_line1": "", "address_line2": "", "address_line3": "", "address_line4": "", "address_city": "", "address_state": "", "address_province": "", "address_postal_code": "", "address_country": "", "address_is_primary": false, "address_business_line1": "581 Burgsfurt", "address_business_line2": "more content line 2", "address_business_line3": "more content line 3", "address_business_line4": "more content line 4", "address_business_city": "Mesa", "address_business_state": "FL", "address_business_province": "", "address_business_postal_code": "77375", "address_business_country": "RW", "address_business_is_primary": true, "address_mailing_line1": "", "address_mailing_line2": "", "address_mailing_line3": "", "address_mailing_line4": "", "address_mailing_city": "", "address_mailing_state": "", "address_mailing_province": "", "address_mailing_postal_code": "", "address_mailing_country": "", "address_mailing_is_primary": false, "address_type": "business", "traveller_id": "7564990300", "last_updated_partition": "2024-04-24-10", "extended_data": ""}], "common_email_recs": [], "common_phone_recs": [], "guest_loyalty_recs": [], "alternate_profile_id_recs": [{"object_type": "alternate_profile_id", "model_version": "1.2.0", "last_updated": "2024-11-03T22:43:08.844141Z", "value": "877d3270-52b2-4037-9c86-b9a2973de0e5", "name": "trade", "description": "Consequatur et esse quod voluptatem.", "tx_id": "test_tx_id", "traveller_id": "trade_877d3270-52b2-4037-9c86-b9a2973de0e5", "accp_object_id": "trade_877d3270-52b2-4037-9c86-b9a2973de0e5"}, {"object_type": "alternate_profile_id", "model_version": "1.2.0", "last_updated": "2024-11-03T22:43:08.844141Z", "value": "877d3270-52b2-4037-9c86-b9a2973de0e5", "name": "trade", "description": "Consequatur et esse quod voluptatem.", "tx_id": "test_tx_id", "traveller_id": "7564990300", "accp_object_id": "trade_877d3270-52b2-4037-9c86-b9a2973de0e5"}]}