{"hotel_booking_recs": [{"model_version": "1.2.0", "object_type": "hotel_booking", "accp_object_id": "SGP18|CGSFPWFPRF|BBU8TGUYRI|2024-01-25|909ZUZR6WS", "segment_id": "BBU8TGUYRI", "last_updated": "2023-10-11T01:56:10.642676Z", "last_updated_by": "Domenic Muller", "tx_id": "test_tx_id", "booking_id": "CGSFPWFPRF", "last_booking_id": "CGSFPWFPRF", "creation_channel_id": "mobile", "last_update_channel_id": "", "hotel_code": "SGP18", "n_nights": 1.0, "n_guests": 2.0, "product_id": "909ZUZR6WS", "check_in_date": "2024-01-25", "status": "waitlisted", "honorific": "Ms", "first_name": "Trace", "middle_name": "Niko", "last_name": "Turcotte", "gender": "female", "pronoun": "she", "date_of_birth": "2015-06-29", "job_title": "Strategist", "company": "TagniFi", "total_segment_after_tax": 1066.2456, "total_segment_before_tax": 927.1701, "nationality_code": "", "nationality_name": "", "language_code": "", "language_name": "", "pms_id": "", "crs_id": "", "gds_id": "LHN9OCENYJ", "room_type_code": "DBL", "room_type_name": "Double room", "room_type_description": "Room with Double bed", "rate_plan_code": "BAR", "rate_plan_name": "Best available rate", "rate_plan_description": "Our best available rate all year", "attribute_codes": "BALCONY", "attribute_names": "Balcony", "attribute_descriptions": "Large balcony with chairs and a table", "add_on_codes": "BKFT", "add_on_names": "Suite", "add_on_descriptions": "Our famous continental breakfast", "payment_type": "voucher", "cc_token": "", "cc_type": "", "cc_exp": "", "cc_cvv": "", "cc_name": "", "address_billing_line1": "", "address_billing_line2": "", "address_billing_line3": "", "address_billing_line4": "", "address_billing_postal_code": "", "address_billing_city": "", "address_billing_state": "", "address_billing_province": "", "address_billing_country": "", "address_billing_is_primary": false, "email_business": "", "email": "", "email_primary": "", "phone": "", "phone_home": "", "phone_mobile": "", "phone_business": "", "phone_primary": "", "address_line1": "", "address_line2": "", "address_line3": "", "address_line4": "", "address_city": "", "address_state": "", "address_province": "", "address_postal_code": "", "address_country": "", "address_is_primary": false, "address_business_line1": "581 Burgsfurt", "address_business_line2": "more content line 2", "address_business_line3": "more content line 3", "address_business_line4": "more content line 4", "address_business_city": "Mesa", "address_business_state": "FL", "address_business_province": "", "address_business_postal_code": "77375", "address_business_country": "RW", "address_business_is_primary": true, "address_mailing_line1": "", "address_mailing_line2": "", "address_mailing_line3": "", "address_mailing_line4": "", "address_mailing_city": "", "address_mailing_state": "", "address_mailing_province": "", "address_mailing_postal_code": "", "address_mailing_country": "", "address_mailing_is_primary": false, "address_type": "business", "traveller_id": "7564990300", "last_updated_partition": "2023-10-11-01", "extended_data": "", "booker_id": "7564990300"}, {"model_version": "1.2.0", "object_type": "hotel_booking", "accp_object_id": "SGP18|CGSFPWFPRF|BBU8TGUYRI|2024-01-25|2O7YNQVBTX", "segment_id": "BBU8TGUYRI", "last_updated": "2023-10-11T01:56:10.642676Z", "last_updated_by": "Domenic Muller", "tx_id": "test_tx_id", "booking_id": "CGSFPWFPRF", "last_booking_id": "CGSFPWFPRF", "creation_channel_id": "mobile", "last_update_channel_id": "", "hotel_code": "SGP18", "n_nights": 1.0, "n_guests": 2.0, "product_id": "2O7YNQVBTX", "check_in_date": "2024-01-25", "status": "waitlisted", "honorific": "Ms", "first_name": "Trace", "middle_name": "Niko", "last_name": "Turcotte", "gender": "female", "pronoun": "she", "date_of_birth": "2015-06-29", "job_title": "Strategist", "company": "TagniFi", "total_segment_after_tax": 1066.2456, "total_segment_before_tax": 927.1701, "nationality_code": "", "nationality_name": "", "language_code": "", "language_name": "", "pms_id": "", "crs_id": "", "gds_id": "LHN9OCENYJ", "room_type_code": "KNG", "room_type_name": "King Room", "room_type_description": "Room with King Size Bed", "rate_plan_code": "XMAS_WEEK", "rate_plan_name": "Xmas special rate", "rate_plan_description": "Special rate for the chrismas season", "attribute_codes": "", "attribute_names": "", "attribute_descriptions": "", "add_on_codes": "SPA", "add_on_names": "Suite", "add_on_descriptions": "Luxury Spa session ", "payment_type": "voucher", "cc_token": "", "cc_type": "", "cc_exp": "", "cc_cvv": "", "cc_name": "", "address_billing_line1": "", "address_billing_line2": "", "address_billing_line3": "", "address_billing_line4": "", "address_billing_postal_code": "", "address_billing_city": "", "address_billing_state": "", "address_billing_province": "", "address_billing_country": "", "address_billing_is_primary": false, "email_business": "", "email": "", "email_primary": "", "phone": "", "phone_home": "", "phone_mobile": "", "phone_business": "", "phone_primary": "", "address_line1": "", "address_line2": "", "address_line3": "", "address_line4": "", "address_city": "", "address_state": "", "address_province": "", "address_postal_code": "", "address_country": "", "address_is_primary": false, "address_business_line1": "581 Burgsfurt", "address_business_line2": "more content line 2", "address_business_line3": "more content line 3", "address_business_line4": "more content line 4", "address_business_city": "Mesa", "address_business_state": "FL", "address_business_province": "", "address_business_postal_code": "77375", "address_business_country": "RW", "address_business_is_primary": true, "address_mailing_line1": "", "address_mailing_line2": "", "address_mailing_line3": "", "address_mailing_line4": "", "address_mailing_city": "", "address_mailing_state": "", "address_mailing_province": "", "address_mailing_postal_code": "", "address_mailing_country": "", "address_mailing_is_primary": false, "address_type": "business", "traveller_id": "7564990300", "last_updated_partition": "2023-10-11-01", "extended_data": "", "booker_id": "7564990300"}, {"model_version": "1.2.0", "object_type": "hotel_booking", "accp_object_id": "SGP18|CGSFPWFPRF|BBU8TGUYRI|2024-01-25|TS1ZOED2KO", "segment_id": "BBU8TGUYRI", "last_updated": "2023-10-11T01:56:10.642676Z", "last_updated_by": "Domenic Muller", "tx_id": "test_tx_id", "booking_id": "CGSFPWFPRF", "last_booking_id": "CGSFPWFPRF", "creation_channel_id": "mobile", "last_update_channel_id": "", "hotel_code": "SGP18", "n_nights": 1.0, "n_guests": 2.0, "product_id": "TS1ZOED2KO", "check_in_date": "2024-01-25", "status": "waitlisted", "honorific": "Ms", "first_name": "Trace", "middle_name": "Niko", "last_name": "Turcotte", "gender": "female", "pronoun": "she", "date_of_birth": "2015-06-29", "job_title": "Strategist", "company": "TagniFi", "total_segment_after_tax": 1066.2456, "total_segment_before_tax": 927.1701, "nationality_code": "", "nationality_name": "", "language_code": "", "language_name": "", "pms_id": "", "crs_id": "", "gds_id": "LHN9OCENYJ", "room_type_code": "SUITE", "room_type_name": "Suite", "room_type_description": "Luxury suite for a comfortable stays", "rate_plan_code": "XMAS_WEEK", "rate_plan_name": "Xmas special rate", "rate_plan_description": "Special rate for the chrismas season", "attribute_codes": "BALCONY", "attribute_names": "Balcony", "attribute_descriptions": "Large balcony with chairs and a table", "add_on_codes": "", "add_on_names": "", "add_on_descriptions": "", "payment_type": "voucher", "cc_token": "", "cc_type": "", "cc_exp": "", "cc_cvv": "", "cc_name": "", "address_billing_line1": "", "address_billing_line2": "", "address_billing_line3": "", "address_billing_line4": "", "address_billing_postal_code": "", "address_billing_city": "", "address_billing_state": "", "address_billing_province": "", "address_billing_country": "", "address_billing_is_primary": false, "email_business": "", "email": "", "email_primary": "", "phone": "", "phone_home": "", "phone_mobile": "", "phone_business": "", "phone_primary": "", "address_line1": "", "address_line2": "", "address_line3": "", "address_line4": "", "address_city": "", "address_state": "", "address_province": "", "address_postal_code": "", "address_country": "", "address_is_primary": false, "address_business_line1": "581 Burgsfurt", "address_business_line2": "more content line 2", "address_business_line3": "more content line 3", "address_business_line4": "more content line 4", "address_business_city": "Mesa", "address_business_state": "FL", "address_business_province": "", "address_business_postal_code": "77375", "address_business_country": "RW", "address_business_is_primary": true, "address_mailing_line1": "", "address_mailing_line2": "", "address_mailing_line3": "", "address_mailing_line4": "", "address_mailing_city": "", "address_mailing_state": "", "address_mailing_province": "", "address_mailing_postal_code": "", "address_mailing_country": "", "address_mailing_is_primary": false, "address_type": "business", "traveller_id": "7564990300", "last_updated_partition": "2023-10-11-01", "extended_data": "", "booker_id": "7564990300"}, {"model_version": "1.2.0", "object_type": "hotel_booking", "accp_object_id": "SGP18|CGSFPWFPRF|BBU8TGUYRI|2024-01-25|909ZUZR6WS", "segment_id": "BBU8TGUYRI", "last_updated": "2023-10-11T01:56:10.642676Z", "last_updated_by": "Domenic Muller", "tx_id": "test_tx_id", "booking_id": "CGSFPWFPRF", "last_booking_id": "CGSFPWFPRF", "creation_channel_id": "mobile", "last_update_channel_id": "", "hotel_code": "SGP18", "n_nights": 1.0, "n_guests": 2.0, "product_id": "909ZUZR6WS", "check_in_date": "2024-01-25", "status": "waitlisted", "honorific": "Ms", "first_name": "Trace", "middle_name": "Niko", "last_name": "Turcotte", "gender": "female", "pronoun": "she", "date_of_birth": "2015-06-29", "job_title": "Strategist", "company": "TagniFi", "total_segment_after_tax": 1066.2456, "total_segment_before_tax": 927.1701, "nationality_code": "", "nationality_name": "", "language_code": "", "language_name": "", "pms_id": "", "crs_id": "", "gds_id": "LHN9OCENYJ", "room_type_code": "DBL", "room_type_name": "Double room", "room_type_description": "Room with Double bed", "rate_plan_code": "BAR", "rate_plan_name": "Best available rate", "rate_plan_description": "Our best available rate all year", "attribute_codes": "BALCONY", "attribute_names": "Balcony", "attribute_descriptions": "Large balcony with chairs and a table", "add_on_codes": "BKFT", "add_on_names": "Suite", "add_on_descriptions": "Our famous continental breakfast", "payment_type": "voucher", "cc_token": "", "cc_type": "", "cc_exp": "", "cc_cvv": "", "cc_name": "", "address_billing_line1": "", "address_billing_line2": "", "address_billing_line3": "", "address_billing_line4": "", "address_billing_postal_code": "", "address_billing_city": "", "address_billing_state": "", "address_billing_province": "", "address_billing_country": "", "address_billing_is_primary": false, "email_business": "", "email": "", "email_primary": "", "phone": "", "phone_home": "", "phone_mobile": "", "phone_business": "", "phone_primary": "", "address_line1": "", "address_line2": "", "address_line3": "", "address_line4": "", "address_city": "", "address_state": "", "address_province": "", "address_postal_code": "", "address_country": "", "address_is_primary": false, "address_business_line1": "581 Burgsfurt", "address_business_line2": "more content line 2", "address_business_line3": "more content line 3", "address_business_line4": "more content line 4", "address_business_city": "Mesa", "address_business_state": "FL", "address_business_province": "", "address_business_postal_code": "77375", "address_business_country": "RW", "address_business_is_primary": true, "address_mailing_line1": "", "address_mailing_line2": "", "address_mailing_line3": "", "address_mailing_line4": "", "address_mailing_city": "", "address_mailing_state": "", "address_mailing_province": "", "address_mailing_postal_code": "", "address_mailing_country": "", "address_mailing_is_primary": false, "address_type": "business", "traveller_id": "7564990300", "last_updated_partition": "2023-10-11-01", "extended_data": ""}, {"model_version": "1.2.0", "object_type": "hotel_booking", "accp_object_id": "SGP18|CGSFPWFPRF|BBU8TGUYRI|2024-01-25|2O7YNQVBTX", "segment_id": "BBU8TGUYRI", "last_updated": "2023-10-11T01:56:10.642676Z", "last_updated_by": "Domenic Muller", "tx_id": "test_tx_id", "booking_id": "CGSFPWFPRF", "last_booking_id": "CGSFPWFPRF", "creation_channel_id": "mobile", "last_update_channel_id": "", "hotel_code": "SGP18", "n_nights": 1.0, "n_guests": 2.0, "product_id": "2O7YNQVBTX", "check_in_date": "2024-01-25", "status": "waitlisted", "honorific": "Ms", "first_name": "Trace", "middle_name": "Niko", "last_name": "Turcotte", "gender": "female", "pronoun": "she", "date_of_birth": "2015-06-29", "job_title": "Strategist", "company": "TagniFi", "total_segment_after_tax": 1066.2456, "total_segment_before_tax": 927.1701, "nationality_code": "", "nationality_name": "", "language_code": "", "language_name": "", "pms_id": "", "crs_id": "", "gds_id": "LHN9OCENYJ", "room_type_code": "KNG", "room_type_name": "King Room", "room_type_description": "Room with King Size Bed", "rate_plan_code": "XMAS_WEEK", "rate_plan_name": "Xmas special rate", "rate_plan_description": "Special rate for the chrismas season", "attribute_codes": "", "attribute_names": "", "attribute_descriptions": "", "add_on_codes": "SPA", "add_on_names": "Suite", "add_on_descriptions": "Luxury Spa session ", "payment_type": "voucher", "cc_token": "", "cc_type": "", "cc_exp": "", "cc_cvv": "", "cc_name": "", "address_billing_line1": "", "address_billing_line2": "", "address_billing_line3": "", "address_billing_line4": "", "address_billing_postal_code": "", "address_billing_city": "", "address_billing_state": "", "address_billing_province": "", "address_billing_country": "", "address_billing_is_primary": false, "email_business": "", "email": "", "email_primary": "", "phone": "", "phone_home": "", "phone_mobile": "", "phone_business": "", "phone_primary": "", "address_line1": "", "address_line2": "", "address_line3": "", "address_line4": "", "address_city": "", "address_state": "", "address_province": "", "address_postal_code": "", "address_country": "", "address_is_primary": false, "address_business_line1": "581 Burgsfurt", "address_business_line2": "more content line 2", "address_business_line3": "more content line 3", "address_business_line4": "more content line 4", "address_business_city": "Mesa", "address_business_state": "FL", "address_business_province": "", "address_business_postal_code": "77375", "address_business_country": "RW", "address_business_is_primary": true, "address_mailing_line1": "", "address_mailing_line2": "", "address_mailing_line3": "", "address_mailing_line4": "", "address_mailing_city": "", "address_mailing_state": "", "address_mailing_province": "", "address_mailing_postal_code": "", "address_mailing_country": "", "address_mailing_is_primary": false, "address_type": "business", "traveller_id": "7564990300", "last_updated_partition": "2023-10-11-01", "extended_data": ""}, {"model_version": "1.2.0", "object_type": "hotel_booking", "accp_object_id": "SGP18|CGSFPWFPRF|BBU8TGUYRI|2024-01-25|TS1ZOED2KO", "segment_id": "BBU8TGUYRI", "last_updated": "2023-10-11T01:56:10.642676Z", "last_updated_by": "Domenic Muller", "tx_id": "test_tx_id", "booking_id": "CGSFPWFPRF", "last_booking_id": "CGSFPWFPRF", "creation_channel_id": "mobile", "last_update_channel_id": "", "hotel_code": "SGP18", "n_nights": 1.0, "n_guests": 2.0, "product_id": "TS1ZOED2KO", "check_in_date": "2024-01-25", "status": "waitlisted", "honorific": "Ms", "first_name": "Trace", "middle_name": "Niko", "last_name": "Turcotte", "gender": "female", "pronoun": "she", "date_of_birth": "2015-06-29", "job_title": "Strategist", "company": "TagniFi", "total_segment_after_tax": 1066.2456, "total_segment_before_tax": 927.1701, "nationality_code": "", "nationality_name": "", "language_code": "", "language_name": "", "pms_id": "", "crs_id": "", "gds_id": "LHN9OCENYJ", "room_type_code": "SUITE", "room_type_name": "Suite", "room_type_description": "Luxury suite for a comfortable stays", "rate_plan_code": "XMAS_WEEK", "rate_plan_name": "Xmas special rate", "rate_plan_description": "Special rate for the chrismas season", "attribute_codes": "BALCONY", "attribute_names": "Balcony", "attribute_descriptions": "Large balcony with chairs and a table", "add_on_codes": "", "add_on_names": "", "add_on_descriptions": "", "payment_type": "voucher", "cc_token": "", "cc_type": "", "cc_exp": "", "cc_cvv": "", "cc_name": "", "address_billing_line1": "", "address_billing_line2": "", "address_billing_line3": "", "address_billing_line4": "", "address_billing_postal_code": "", "address_billing_city": "", "address_billing_state": "", "address_billing_province": "", "address_billing_country": "", "address_billing_is_primary": false, "email_business": "", "email": "", "email_primary": "", "phone": "", "phone_home": "", "phone_mobile": "", "phone_business": "", "phone_primary": "", "address_line1": "", "address_line2": "", "address_line3": "", "address_line4": "", "address_city": "", "address_state": "", "address_province": "", "address_postal_code": "", "address_country": "", "address_is_primary": false, "address_business_line1": "581 Burgsfurt", "address_business_line2": "more content line 2", "address_business_line3": "more content line 3", "address_business_line4": "more content line 4", "address_business_city": "Mesa", "address_business_state": "FL", "address_business_province": "", "address_business_postal_code": "77375", "address_business_country": "RW", "address_business_is_primary": true, "address_mailing_line1": "", "address_mailing_line2": "", "address_mailing_line3": "", "address_mailing_line4": "", "address_mailing_city": "", "address_mailing_state": "", "address_mailing_province": "", "address_mailing_postal_code": "", "address_mailing_country": "", "address_mailing_is_primary": false, "address_type": "business", "traveller_id": "7564990300", "last_updated_partition": "2023-10-11-01", "extended_data": ""}], "common_email_recs": [], "common_phone_recs": [], "guest_loyalty_recs": [], "alternate_profile_id_recs": [{"object_type": "alternate_profile_id", "model_version": "1.2.0", "last_updated": "2024-11-03T22:43:08.844141Z", "value": "877d3270-52b2-4037-9c86-b9a2973de0e5", "name": "trade", "description": "Consequatur et esse quod voluptatem.", "tx_id": "test_tx_id", "traveller_id": "trade_877d3270-52b2-4037-9c86-b9a2973de0e5", "accp_object_id": "trade_877d3270-52b2-4037-9c86-b9a2973de0e5"}, {"object_type": "alternate_profile_id", "model_version": "1.2.0", "last_updated": "2024-11-03T22:43:08.844141Z", "value": "877d3270-52b2-4037-9c86-b9a2973de0e5", "name": "trade", "description": "Consequatur et esse quod voluptatem.", "tx_id": "test_tx_id", "traveller_id": "7564990300", "accp_object_id": "trade_877d3270-52b2-4037-9c86-b9a2973de0e5"}]}