{"air_profile_recs": [{"object_type": "pax_profile", "model_version": "1.0", "id": "1598507532", "last_updated": "2023-03-18T07:37:30.056203561Z", "created_on": "2023-02-18T07:37:30.056203561Z", "last_updated_by": "Minerva Kulas", "created_by": "German Kertzmann", "honorific": "Sir", "first_name": "Fidel", "middle_name": "Lilliana", "last_name": "Wolff", "gender": "male", "pronoun": "", "date_of_birth": "1919-12-24", "job_title": "Developer", "company": "Thomson Reuters", "nationality_code": "NZ", "nationality_name": "", "language_code": "sc", "language_name": "", "email_business": "roselynwalker@strosin.net", "email": "", "email_type": "business", "phone": "", "phone_home": "", "phone_mobile": "", "phone_business": "", "traveller_id": "1598507532", "last_updated_partition": "2023/03/18/07/37/30/056203561Z", "address_line1": "", "address_line2": "", "address_line3": "", "address_line4": "", "address_city": "", "address_state_province": "", "address_postal_code": "", "address_country": "", "address_billing_line1": "", "address_billing_line2": "", "address_billing_line3": "", "address_billing_line4": "", "address_billing_city": "", "address_billing_state_province": "", "address_billing_postal_code": "", "address_billing_country": "", "address_business_line1": "", "address_business_line2": "", "address_business_line3": "", "address_business_line4": "", "address_business_city": "", "address_business_state_province": "", "address_business_postal_code": "", "address_business_country": "", "address_mailing_line1": "", "address_mailing_line2": "", "address_mailing_line3": "", "address_mailing_line4": "", "address_mailing_city": "", "address_mailing_state_province": "", "address_mailing_postal_code": "", "address_mailing_country": ""}], "common_email_recs": [{"model_version": "1.0", "object_type": "email_history", "last_updated": "2023-03-18T07:37:30.056203561Z", "last_updated_by": "Minerva Kulas", "address": "roselynwalker@strosin.net", "type": "business", "traveller_id": "1598507532", "last_updated_partition": "2023/03/18/07/37/30/056203561Z"}], "common_phone_recs": [], "air_loyalty_recs": [{"model_version": "1.0", "object_type": "air_loyalty", "last_updated": "2023-03-18T07:37:30.056203561Z", "last_updated_by": "Minerva Kulas", "id": "5357859349", "program_name": "ascend", "miles": 489704.0, "miles_to_next_level": 8557.0, "level": "platinium", "joined": "2023-02-18T07:37:30.056203561Z", "traveller_id": "1598507532", "last_updated_partition": "2023/03/18/07/37/30/056203561Z"}]}